Archive member included to satisfy reference by file (symbol)

d:/program files/gnu arm embedded toolchain/10 2020-q4-major/bin/../lib/gcc/arm-none-eabi/10.2.1/../../../../arm-none-eabi/lib/thumb/v7e-m/nofp\libc_nano.a(lib_a-ctype_.o)
                              _build/nrf52811_xxaa/nrf_log_str_formatter.c.o (_ctype_)
d:/program files/gnu arm embedded toolchain/10 2020-q4-major/bin/../lib/gcc/arm-none-eabi/10.2.1/../../../../arm-none-eabi/lib/thumb/v7e-m/nofp\libc_nano.a(lib_a-exit.o)
                              d:/program files/gnu arm embedded toolchain/10 2020-q4-major/bin/../lib/gcc/arm-none-eabi/10.2.1/../../../../arm-none-eabi/lib/thumb/v7e-m/nofp/crt0.o (exit)
d:/program files/gnu arm embedded toolchain/10 2020-q4-major/bin/../lib/gcc/arm-none-eabi/10.2.1/../../../../arm-none-eabi/lib/thumb/v7e-m/nofp\libc_nano.a(lib_a-impure.o)
                              d:/program files/gnu arm embedded toolchain/10 2020-q4-major/bin/../lib/gcc/arm-none-eabi/10.2.1/../../../../arm-none-eabi/lib/thumb/v7e-m/nofp\libc_nano.a(lib_a-exit.o) (_global_impure_ptr)
d:/program files/gnu arm embedded toolchain/10 2020-q4-major/bin/../lib/gcc/arm-none-eabi/10.2.1/../../../../arm-none-eabi/lib/thumb/v7e-m/nofp\libc_nano.a(lib_a-init.o)
                              d:/program files/gnu arm embedded toolchain/10 2020-q4-major/bin/../lib/gcc/arm-none-eabi/10.2.1/../../../../arm-none-eabi/lib/thumb/v7e-m/nofp/crt0.o (__libc_init_array)
d:/program files/gnu arm embedded toolchain/10 2020-q4-major/bin/../lib/gcc/arm-none-eabi/10.2.1/../../../../arm-none-eabi/lib/thumb/v7e-m/nofp\libc_nano.a(lib_a-memcmp.o)
                              _build/nrf52811_xxaa/ble_advdata.c.o (memcmp)
d:/program files/gnu arm embedded toolchain/10 2020-q4-major/bin/../lib/gcc/arm-none-eabi/10.2.1/../../../../arm-none-eabi/lib/thumb/v7e-m/nofp\libc_nano.a(lib_a-memcpy-stub.o)
                              _build/nrf52811_xxaa/nrf_log_frontend.c.o (memcpy)
d:/program files/gnu arm embedded toolchain/10 2020-q4-major/bin/../lib/gcc/arm-none-eabi/10.2.1/../../../../arm-none-eabi/lib/thumb/v7e-m/nofp\libc_nano.a(lib_a-memset.o)
                              d:/program files/gnu arm embedded toolchain/10 2020-q4-major/bin/../lib/gcc/arm-none-eabi/10.2.1/../../../../arm-none-eabi/lib/thumb/v7e-m/nofp/crt0.o (memset)
d:/program files/gnu arm embedded toolchain/10 2020-q4-major/bin/../lib/gcc/arm-none-eabi/10.2.1/../../../../arm-none-eabi/lib/thumb/v7e-m/nofp\libc_nano.a(lib_a-strcpy.o)
                              _build/nrf52811_xxaa/SEGGER_RTT.c.o (strcpy)
d:/program files/gnu arm embedded toolchain/10 2020-q4-major/bin/../lib/gcc/arm-none-eabi/10.2.1/../../../../arm-none-eabi/lib/thumb/v7e-m/nofp\libc_nano.a(lib_a-strlen.o)
                              _build/nrf52811_xxaa/nrf_log_frontend.c.o (strlen)
d:/program files/gnu arm embedded toolchain/10 2020-q4-major/bin/../lib/gcc/arm-none-eabi/10.2.1/../../../../arm-none-eabi/lib/thumb/v7e-m/nofp\libnosys.a(_exit.o)
                              d:/program files/gnu arm embedded toolchain/10 2020-q4-major/bin/../lib/gcc/arm-none-eabi/10.2.1/../../../../arm-none-eabi/lib/thumb/v7e-m/nofp\libc_nano.a(lib_a-exit.o) (_exit)
d:/program files/gnu arm embedded toolchain/10 2020-q4-major/bin/../lib/gcc/arm-none-eabi/10.2.1/thumb/v7e-m/nofp\libgcc.a(_aeabi_ldivmod.o)
                              _build/nrf52811_xxaa/bsp.c.o (__aeabi_ldivmod)
d:/program files/gnu arm embedded toolchain/10 2020-q4-major/bin/../lib/gcc/arm-none-eabi/10.2.1/thumb/v7e-m/nofp\libgcc.a(_aeabi_uldivmod.o)
                              _build/nrf52811_xxaa/bsp.c.o (__aeabi_uldivmod)
d:/program files/gnu arm embedded toolchain/10 2020-q4-major/bin/../lib/gcc/arm-none-eabi/10.2.1/thumb/v7e-m/nofp\libgcc.a(_udivmoddi4.o)
                              d:/program files/gnu arm embedded toolchain/10 2020-q4-major/bin/../lib/gcc/arm-none-eabi/10.2.1/thumb/v7e-m/nofp\libgcc.a(_aeabi_ldivmod.o) (__udivmoddi4)
d:/program files/gnu arm embedded toolchain/10 2020-q4-major/bin/../lib/gcc/arm-none-eabi/10.2.1/thumb/v7e-m/nofp\libgcc.a(_dvmd_tls.o)
                              d:/program files/gnu arm embedded toolchain/10 2020-q4-major/bin/../lib/gcc/arm-none-eabi/10.2.1/thumb/v7e-m/nofp\libgcc.a(_aeabi_ldivmod.o) (__aeabi_ldiv0)

Discarded input sections

 .text          0x00000000        0x0 d:/program files/gnu arm embedded toolchain/10 2020-q4-major/bin/../lib/gcc/arm-none-eabi/10.2.1/thumb/v7e-m/nofp/crti.o
 .data          0x00000000        0x0 d:/program files/gnu arm embedded toolchain/10 2020-q4-major/bin/../lib/gcc/arm-none-eabi/10.2.1/thumb/v7e-m/nofp/crti.o
 .bss           0x00000000        0x0 d:/program files/gnu arm embedded toolchain/10 2020-q4-major/bin/../lib/gcc/arm-none-eabi/10.2.1/thumb/v7e-m/nofp/crti.o
 .data          0x00000000        0x4 d:/program files/gnu arm embedded toolchain/10 2020-q4-major/bin/../lib/gcc/arm-none-eabi/10.2.1/thumb/v7e-m/nofp/crtbegin.o
[...]
Memory Configuration

Name             Origin             Length             Attributes
FLASH            0x00019000         0x00017000         xr
RAM              0x20001118         0x00004ee8         xrw
*default*        0x00000000         0xffffffff

Linker script and memory map


.text           0x00019000     0x4e84
 *(.isr_vector)
 .isr_vector    0x00019000      0x200 _build/nrf52811_xxaa/gcc_startup_nrf52811.S.o
                0x00019000                __isr_vector
 *(.text*)
 .text          0x00019200       0x40 d:/program files/gnu arm embedded toolchain/10 2020-q4-major/bin/../lib/gcc/arm-none-eabi/10.2.1/thumb/v7e-m/nofp/crtbegin.o
 .text          0x00019240       0x7c d:/program files/gnu arm embedded toolchain/10 2020-q4-major/bin/../lib/gcc/arm-none-eabi/10.2.1/../../../../arm-none-eabi/lib/thumb/v7e-m/nofp/crt0.o
                0x00019240                _stack_init
                0x00019248                _start
                0x00019248                _mainCRTStartup
 .text          0x000192bc       0x3c _build/nrf52811_xxaa/gcc_startup_nrf52811.S.o
                0x000192bc                Reset_Handler
                0x000192e4                NMI_Handler
                0x000192e6                HardFault_Handler
                0x000192e8                MemoryManagement_Handler
                0x000192ea                BusFault_Handler
                0x000192ec                UsageFault_Handler
                0x000192ee                SVC_Handler
                0x000192f0                DebugMon_Handler
                0x000192f2                PendSV_Handler
                0x000192f4                SysTick_Handler
                0x000192f6                PDM_IRQHandler
                0x000192f6                SWI4_IRQHandler
                0x000192f6                TEMP_IRQHandler
                0x000192f6                QDEC_IRQHandler
                0x000192f6                RADIO_IRQHandler
                0x000192f6                SWI5_IRQHandler
                0x000192f6                SWI0_EGU0_IRQHandler
                0x000192f6                TWIM0_TWIS0_TWI0_SPIM1_SPIS1_SPI1_IRQHandler
                0x000192f6                TIMER1_IRQHandler
                0x000192f6                ECB_IRQHandler
                0x000192f6                Default_Handler
                0x000192f6                SWI3_IRQHandler
                0x000192f6                SPIM0_SPIS0_SPI0_IRQHandler
                0x000192f6                SAADC_IRQHandler
                0x000192f6                CCM_AAR_IRQHandler
                0x000192f6                WDT_IRQHandler
                0x000192f6                RTC0_IRQHandler
                0x000192f6                RNG_IRQHandler
                0x000192f6                COMP_IRQHandler
                0x000192f6                PWM0_IRQHandler
                0x000192f6                SWI1_EGU1_IRQHandler
                0x000192f6                TIMER0_IRQHandler
                0x000192f6                TIMER2_IRQHandler
 .text.nrf_log_backend_serial_put
                0x000192f8       0xc2 _build/nrf52811_xxaa/nrf_log_backend_serial.c.o
                0x000192f8                nrf_log_backend_serial_put
 *fill*         0x000193ba        0x2 
 .text.uart_evt_handler
                0x000193bc        0xc _build/nrf52811_xxaa/nrf_log_backend_uart.c.o
 .text.nrf_log_backend_uart_flush
                0x000193c8        0x2 _build/nrf52811_xxaa/nrf_log_backend_uart.c.o
 *fill*         0x000193ca        0x2 
 .text.uart_init
                0x000193cc       0x4c _build/nrf52811_xxaa/nrf_log_backend_uart.c.o
 .text.nrf_log_backend_uart_put
                0x00019418       0x1c _build/nrf52811_xxaa/nrf_log_backend_uart.c.o
 .text.serial_tx
                0x00019434       0x48 _build/nrf52811_xxaa/nrf_log_backend_uart.c.o
 .text.nrf_log_backend_uart_panic_set
                0x0001947c       0x2c _build/nrf52811_xxaa/nrf_log_backend_uart.c.o
 .text.nrf_log_backend_uart_init
                0x000194a8        0x6 _build/nrf52811_xxaa/nrf_log_backend_uart.c.o
                0x000194a8                nrf_log_backend_uart_init
 *fill*         0x000194ae        0x2 
 .text.nrf_log_default_backends_init
                0x000194b0       0x20 _build/nrf52811_xxaa/nrf_log_default_backends.c.o
                0x000194b0                nrf_log_default_backends_init
 .text.invalid_packets_omit
                0x000194d0       0x38 _build/nrf52811_xxaa/nrf_log_frontend.c.o
 .text.buf_prealloc
                0x00019508      0x128 _build/nrf52811_xxaa/nrf_log_frontend.c.o
 .text.nrf_log_init
                0x00019630       0x28 _build/nrf52811_xxaa/nrf_log_frontend.c.o
                0x00019630                nrf_log_init
 .text.nrf_log_module_name_get
                0x00019658       0x38 _build/nrf52811_xxaa/nrf_log_frontend.c.o
                0x00019658                nrf_log_module_name_get
 .text.nrf_log_color_id_get
                0x00019690       0x2c _build/nrf52811_xxaa/nrf_log_frontend.c.o
                0x00019690                nrf_log_color_id_get
 .text.buffer_is_empty
                0x000196bc       0x14 _build/nrf52811_xxaa/nrf_log_frontend.c.o
                0x000196bc                buffer_is_empty
 .text.nrf_log_frontend_dequeue
                0x000196d0      0x208 _build/nrf52811_xxaa/nrf_log_frontend.c.o
                0x000196d0                nrf_log_frontend_dequeue
 .text.std_n    0x000198d8       0x8c _build/nrf52811_xxaa/nrf_log_frontend.c.o
 .text.nrf_log_frontend_std_0
                0x00019964        0x8 _build/nrf52811_xxaa/nrf_log_frontend.c.o
                0x00019964                nrf_log_frontend_std_0
 .text.nrf_log_frontend_std_1
                0x0001996c       0x12 _build/nrf52811_xxaa/nrf_log_frontend.c.o
                0x0001996c                nrf_log_frontend_std_1
 .text.nrf_log_frontend_std_2
                0x0001997e       0x14 _build/nrf52811_xxaa/nrf_log_frontend.c.o
                0x0001997e                nrf_log_frontend_std_2
 *fill*         0x00019992        0x2 
 .text.nrf_log_backend_add
                0x00019994       0x54 _build/nrf52811_xxaa/nrf_log_frontend.c.o
                0x00019994                nrf_log_backend_add
 .text.nrf_log_panic
                0x000199e8       0x28 _build/nrf52811_xxaa/nrf_log_frontend.c.o
                0x000199e8                nrf_log_panic
 .text.prefix_process
                0x00019a10       0x78 _build/nrf52811_xxaa/nrf_log_str_formatter.c.o
 .text.postfix_process
                0x00019a88       0x3c _build/nrf52811_xxaa/nrf_log_str_formatter.c.o
 .text.nrf_log_std_entry_process
                0x00019ac4       0xc8 _build/nrf52811_xxaa/nrf_log_str_formatter.c.o
                0x00019ac4                nrf_log_std_entry_process
 .text.nrf_log_hexdump_entry_process
                0x00019b8c       0xc0 _build/nrf52811_xxaa/nrf_log_str_formatter.c.o
                0x00019b8c                nrf_log_hexdump_entry_process
 .text.state_set
                0x00019c4c       0x24 _build/nrf52811_xxaa/app_button.c.o
 .text.button_get
                0x00019c70       0x30 _build/nrf52811_xxaa/app_button.c.o
 .text.usr_event
                0x00019ca0       0x1c _build/nrf52811_xxaa/app_button.c.o
 .text.timer_start
                0x00019cbc       0x18 _build/nrf52811_xxaa/app_button.c.o
 .text.gpiote_event_handler
                0x00019cd4       0x34 _build/nrf52811_xxaa/app_button.c.o
 .text.evt_handle
                0x00019d08       0xec _build/nrf52811_xxaa/app_button.c.o
                0x00019d08                evt_handle
 .text.detection_delay_timeout_handler
                0x00019df4       0x5c _build/nrf52811_xxaa/app_button.c.o
 .text.app_button_init
                0x00019e50       0xb0 _build/nrf52811_xxaa/app_button.c.o
                0x00019e50                app_button_init
 .text.app_button_enable
                0x00019f00       0x2c _build/nrf52811_xxaa/app_button.c.o
                0x00019f00                app_button_enable
 .text.app_error_handler_bare
                0x00019f2c       0x1a _build/nrf52811_xxaa/app_error.c.o
                0x00019f2c                app_error_handler_bare
 *fill*         0x00019f46        0x2 
 .text.app_error_fault_handler
                0x00019f48       0x6c _build/nrf52811_xxaa/app_error_weak.c.o
                0x00019f48                app_error_fault_handler
 .text.compare_func
                0x00019fb4       0x18 _build/nrf52811_xxaa/app_timer2.c.o
 .text.get_now  0x00019fcc       0x38 _build/nrf52811_xxaa/app_timer2.c.o
 .text.timer_req_schedule
                0x0001a004       0x38 _build/nrf52811_xxaa/app_timer2.c.o
 .text.timer_expire
                0x0001a03c       0x6c _build/nrf52811_xxaa/app_timer2.c.o
 .text.app_timer_init
                0x0001a0a8       0x64 _build/nrf52811_xxaa/app_timer2.c.o
                0x0001a0a8                app_timer_init
 .text.app_timer_create
                0x0001a10c       0x16 _build/nrf52811_xxaa/app_timer2.c.o
                0x0001a10c                app_timer_create
 .text.app_timer_start
                0x0001a122       0x30 _build/nrf52811_xxaa/app_timer2.c.o
                0x0001a122                app_timer_start
 .text.app_timer_stop
                0x0001a152        0xc _build/nrf52811_xxaa/app_timer2.c.o
                0x0001a152                app_timer_stop
 *fill*         0x0001a15e        0x2 
 .text.app_timer_cnt_get
                0x0001a160        0xc _build/nrf52811_xxaa/app_timer2.c.o
                0x0001a160                app_timer_cnt_get
 .text.rtc_irq  0x0001a16c      0x194 _build/nrf52811_xxaa/app_timer2.c.o
 .text.app_util_critical_region_enter
                0x0001a300       0x48 _build/nrf52811_xxaa/app_util_platform.c.o
                0x0001a300                app_util_critical_region_enter
 .text.app_util_critical_region_exit
                0x0001a348       0x2c _build/nrf52811_xxaa/app_util_platform.c.o
                0x0001a348                app_util_critical_region_exit
 .text.evt_pending.isra.0
                0x0001a374       0x18 _build/nrf52811_xxaa/drv_rtc.c.o
 .text.drv_rtc_init
                0x0001a38c       0xb4 _build/nrf52811_xxaa/drv_rtc.c.o
                0x0001a38c                drv_rtc_init
 .text.drv_rtc_start
                0x0001a440        0x8 _build/nrf52811_xxaa/drv_rtc.c.o
                0x0001a440                drv_rtc_start
 .text.drv_rtc_stop
                0x0001a448        0x8 _build/nrf52811_xxaa/drv_rtc.c.o
                0x0001a448                drv_rtc_stop
 .text.drv_rtc_compare_set
                0x0001a450       0x48 _build/nrf52811_xxaa/drv_rtc.c.o
                0x0001a450                drv_rtc_compare_set
 .text.drv_rtc_windowed_compare_set
                0x0001a498       0xf4 _build/nrf52811_xxaa/drv_rtc.c.o
                0x0001a498                drv_rtc_windowed_compare_set
 .text.drv_rtc_overflow_enable
                0x0001a58c       0x12 _build/nrf52811_xxaa/drv_rtc.c.o
                0x0001a58c                drv_rtc_overflow_enable
 .text.drv_rtc_overflow_pending
                0x0001a59e        0xa _build/nrf52811_xxaa/drv_rtc.c.o
                0x0001a59e                drv_rtc_overflow_pending
 .text.drv_rtc_compare_disable
                0x0001a5a8       0x16 _build/nrf52811_xxaa/drv_rtc.c.o
                0x0001a5a8                drv_rtc_compare_disable
 .text.drv_rtc_compare_pending
                0x0001a5be        0xc _build/nrf52811_xxaa/drv_rtc.c.o
                0x0001a5be                drv_rtc_compare_pending
 .text.drv_rtc_counter_get
                0x0001a5ca        0x8 _build/nrf52811_xxaa/drv_rtc.c.o
                0x0001a5ca                drv_rtc_counter_get
 *fill*         0x0001a5d2        0x2 
 .text.drv_rtc_irq_trigger
                0x0001a5d4       0x24 _build/nrf52811_xxaa/drv_rtc.c.o
                0x0001a5d4                drv_rtc_irq_trigger
 .text.RTC1_IRQHandler
                0x0001a5f8       0x14 _build/nrf52811_xxaa/drv_rtc.c.o
                0x0001a5f8                RTC1_IRQHandler
 .text.nrf_atfifo_init
                0x0001a60c       0x26 _build/nrf52811_xxaa/nrf_atfifo.c.o
                0x0001a60c                nrf_atfifo_init
 .text.nrf_atfifo_item_alloc
                0x0001a632       0x54 _build/nrf52811_xxaa/nrf_atfifo.c.o
                0x0001a632                nrf_atfifo_item_alloc
 .text.nrf_atfifo_item_put
                0x0001a686       0x20 _build/nrf52811_xxaa/nrf_atfifo.c.o
                0x0001a686                nrf_atfifo_item_put
 .text.nrf_atfifo_item_get
                0x0001a6a6       0x56 _build/nrf52811_xxaa/nrf_atfifo.c.o
                0x0001a6a6                nrf_atfifo_item_get
 .text.nrf_atfifo_item_free
                0x0001a6fc       0x20 _build/nrf52811_xxaa/nrf_atfifo.c.o
                0x0001a6fc                nrf_atfifo_item_free
 .text.nrf_atomic_u32_fetch_store
                0x0001a71c       0x16 _build/nrf52811_xxaa/nrf_atomic.c.o
                0x0001a71c                nrf_atomic_u32_fetch_store
 .text.nrf_atomic_u32_or
                0x0001a732       0x18 _build/nrf52811_xxaa/nrf_atomic.c.o
                0x0001a732                nrf_atomic_u32_or
 .text.nrf_atomic_u32_fetch_and
                0x0001a74a       0x18 _build/nrf52811_xxaa/nrf_atomic.c.o
                0x0001a74a                nrf_atomic_u32_fetch_and
 .text.nrf_atomic_u32_add
                0x0001a762       0x18 _build/nrf52811_xxaa/nrf_atomic.c.o
                0x0001a762                nrf_atomic_u32_add
 .text.nrf_atomic_u32_sub
                0x0001a77a       0x18 _build/nrf52811_xxaa/nrf_atomic.c.o
                0x0001a77a                nrf_atomic_u32_sub
 .text.nrf_atomic_flag_set
                0x0001a792        0x6 _build/nrf52811_xxaa/nrf_atomic.c.o
                0x0001a792                nrf_atomic_flag_set
 .text.nrf_atomic_flag_clear_fetch
                0x0001a798        0x6 _build/nrf52811_xxaa/nrf_atomic.c.o
                0x0001a798                nrf_atomic_flag_clear_fetch
 .text.nrf_balloc_init
                0x0001a79e       0x2e _build/nrf52811_xxaa/nrf_balloc.c.o
                0x0001a79e                nrf_balloc_init
 .text.nrf_balloc_alloc
                0x0001a7cc       0x4c _build/nrf52811_xxaa/nrf_balloc.c.o
                0x0001a7cc                nrf_balloc_alloc
 .text.nrf_balloc_free
                0x0001a818       0x34 _build/nrf52811_xxaa/nrf_balloc.c.o
                0x0001a818                nrf_balloc_free
 .text.nrf_fprintf_buffer_flush
                0x0001a84c       0x16 _build/nrf52811_xxaa/nrf_fprintf.c.o
                0x0001a84c                nrf_fprintf_buffer_flush
 .text.nrf_fprintf
                0x0001a862       0x1c _build/nrf52811_xxaa/nrf_fprintf.c.o
                0x0001a862                nrf_fprintf
 .text.buffer_add
                0x0001a87e       0x2e _build/nrf52811_xxaa/nrf_fprintf_format.c.o
 .text.unsigned_print
                0x0001a8ac       0xb4 _build/nrf52811_xxaa/nrf_fprintf_format.c.o
 .text.nrf_fprintf_fmt
                0x0001a960      0x294 _build/nrf52811_xxaa/nrf_fprintf_format.c.o
                0x0001a960                nrf_fprintf_fmt
 .text.memobj_op
                0x0001abf4       0x86 _build/nrf52811_xxaa/nrf_memobj.c.o
 .text.nrf_memobj_pool_init
                0x0001ac7a        0x4 _build/nrf52811_xxaa/nrf_memobj.c.o
                0x0001ac7a                nrf_memobj_pool_init
 .text.nrf_memobj_free
                0x0001ac7e       0x2c _build/nrf52811_xxaa/nrf_memobj.c.o
                0x0001ac7e                nrf_memobj_free
 .text.nrf_memobj_alloc
                0x0001acaa       0x5e _build/nrf52811_xxaa/nrf_memobj.c.o
                0x0001acaa                nrf_memobj_alloc
 .text.nrf_memobj_get
                0x0001ad08        0x8 _build/nrf52811_xxaa/nrf_memobj.c.o
                0x0001ad08                nrf_memobj_get
 .text.nrf_memobj_put
                0x0001ad10       0x1c _build/nrf52811_xxaa/nrf_memobj.c.o
                0x0001ad10                nrf_memobj_put
 .text.nrf_memobj_write
                0x0001ad2c       0x14 _build/nrf52811_xxaa/nrf_memobj.c.o
                0x0001ad2c                nrf_memobj_write
 .text.nrf_memobj_read
                0x0001ad40       0x14 _build/nrf52811_xxaa/nrf_memobj.c.o
                0x0001ad40                nrf_memobj_read
 .text.sd_app_evt_wait
                0x0001ad54        0x4 _build/nrf52811_xxaa/nrf_pwr_mgmt.c.o
 .text.nrf_pwr_mgmt_init
                0x0001ad58       0x2c _build/nrf52811_xxaa/nrf_pwr_mgmt.c.o
                0x0001ad58                nrf_pwr_mgmt_init
 .text.nrf_pwr_mgmt_run
                0x0001ad84       0x18 _build/nrf52811_xxaa/nrf_pwr_mgmt.c.o
                0x0001ad84                nrf_pwr_mgmt_run
 .text.nrf_ringbuf_init
                0x0001ad9c       0x1c _build/nrf52811_xxaa/nrf_ringbuf.c.o
                0x0001ad9c                nrf_ringbuf_init
 .text.nrf_section_iter_init
                0x0001adb8       0x12 _build/nrf52811_xxaa/nrf_section_iter.c.o
                0x0001adb8                nrf_section_iter_init
 .text.nrf_section_iter_next
                0x0001adca       0x18 _build/nrf52811_xxaa/nrf_section_iter.c.o
                0x0001adca                nrf_section_iter_next
 .text.nrf_sortlist_add
                0x0001ade2       0x20 _build/nrf52811_xxaa/nrf_sortlist.c.o
                0x0001ade2                nrf_sortlist_add
 .text.nrf_sortlist_pop
                0x0001ae02        0xc _build/nrf52811_xxaa/nrf_sortlist.c.o
                0x0001ae02                nrf_sortlist_pop
 .text.nrf_sortlist_peek
                0x0001ae0e        0x6 _build/nrf52811_xxaa/nrf_sortlist.c.o
                0x0001ae0e                nrf_sortlist_peek
 .text.nrf_sortlist_remove
                0x0001ae14       0x1a _build/nrf52811_xxaa/nrf_sortlist.c.o
                0x0001ae14                nrf_sortlist_remove
 *fill*         0x0001ae2e        0x2 
 .text.nrf_strerror_find
                0x0001ae30       0x3c _build/nrf52811_xxaa/nrf_strerror.c.o
                0x0001ae30                nrf_strerror_find
 .text.nrf_strerror_get
                0x0001ae6c       0x14 _build/nrf52811_xxaa/nrf_strerror.c.o
                0x0001ae6c                nrf_strerror_get
 .text.__NVIC_SystemReset
                0x0001ae80       0x24 _build/nrf52811_xxaa/system_nrf52811.c.o
 .text.nrf52_errata_36
                0x0001aea4       0x1a _build/nrf52811_xxaa/system_nrf52811.c.o
 *fill*         0x0001aebe        0x2 
 .text.nrf52_errata_103
                0x0001aec0       0x24 _build/nrf52811_xxaa/system_nrf52811.c.o
 .text.SystemInit
                0x0001aee4      0x204 _build/nrf52811_xxaa/system_nrf52811.c.o
                0x0001aee4                SystemInit
 .text.bsp_board_led_state_get
                0x0001b0e8       0x1c _build/nrf52811_xxaa/boards.c.o
                0x0001b0e8                bsp_board_led_state_get
 .text.bsp_board_led_on
                0x0001b104       0x18 _build/nrf52811_xxaa/boards.c.o
                0x0001b104                bsp_board_led_on
 .text.bsp_board_led_off
                0x0001b11c       0x18 _build/nrf52811_xxaa/boards.c.o
                0x0001b11c                bsp_board_led_off
 .text.bsp_board_leds_off
                0x0001b134       0x1e _build/nrf52811_xxaa/boards.c.o
                0x0001b134                bsp_board_leds_off
 .text.bsp_board_leds_on
                0x0001b152       0x1e _build/nrf52811_xxaa/boards.c.o
                0x0001b152                bsp_board_leds_on
 .text.bsp_board_led_invert
                0x0001b170       0x24 _build/nrf52811_xxaa/boards.c.o
                0x0001b170                bsp_board_led_invert
 .text.bsp_board_pin_to_button_idx
                0x0001b194       0x24 _build/nrf52811_xxaa/boards.c.o
                0x0001b194                bsp_board_pin_to_button_idx
 .text.bsp_board_init
                0x0001b1b8       0x3e _build/nrf52811_xxaa/boards.c.o
                0x0001b1b8                bsp_board_init
 *fill*         0x0001b1f6        0x2 
 .text.clock_clk_started_notify
                0x0001b1f8       0x24 _build/nrf52811_xxaa/nrf_drv_clock.c.o
 .text.clock_irq_handler
                0x0001b21c       0x1c _build/nrf52811_xxaa/nrf_drv_clock.c.o
 .text.soc_evt_handler
                0x0001b238       0x14 _build/nrf52811_xxaa/nrf_drv_clock.c.o
 .text.nrf_drv_clock_init
                0x0001b24c       0x48 _build/nrf52811_xxaa/nrf_drv_clock.c.o
                0x0001b24c                nrf_drv_clock_init
 .text.nrf_drv_clock_lfclk_release
                0x0001b294       0x40 _build/nrf52811_xxaa/nrf_drv_clock.c.o
                0x0001b294                nrf_drv_clock_lfclk_release
 .text.sd_state_evt_handler
                0x0001b2d4       0x64 _build/nrf52811_xxaa/nrf_drv_clock.c.o
 .text.uarte_evt_handler
                0x0001b338       0x34 _build/nrf52811_xxaa/nrf_drv_uart.c.o
 .text.uart_evt_handler
                0x0001b36c       0x34 _build/nrf52811_xxaa/nrf_drv_uart.c.o
 .text.nrf_drv_uart_init
                0x0001b3a0       0x7c _build/nrf52811_xxaa/nrf_drv_uart.c.o
                0x0001b3a0                nrf_drv_uart_init
 .text.nrf_clock_event_clear
                0x0001b41c       0x14 _build/nrf52811_xxaa/nrfx_clock.c.o
 .text.nrfx_clock_init
                0x0001b430       0x18 _build/nrf52811_xxaa/nrfx_clock.c.o
                0x0001b430                nrfx_clock_init
 .text.nrfx_clock_enable
                0x0001b448       0x24 _build/nrf52811_xxaa/nrfx_clock.c.o
                0x0001b448                nrfx_clock_enable
 .text.nrfx_clock_lfclk_stop
                0x0001b46c       0x22 _build/nrf52811_xxaa/nrfx_clock.c.o
                0x0001b46c                nrfx_clock_lfclk_stop
 *fill*         0x0001b48e        0x2 
 .text.POWER_CLOCK_IRQHandler
                0x0001b490       0x4c _build/nrf52811_xxaa/nrfx_clock.c.o
                0x0001b490                POWER_CLOCK_IRQHandler
 .text.nrf_gpiote_event_clear
                0x0001b4dc       0x18 _build/nrf52811_xxaa/nrfx_gpiote.c.o
 .text.nrf_gpio_cfg_sense_set
                0x0001b4f4       0x20 _build/nrf52811_xxaa/nrfx_gpiote.c.o
 .text.channel_free
                0x0001b514       0x1c _build/nrf52811_xxaa/nrfx_gpiote.c.o
 .text.nrfx_gpiote_init
                0x0001b530       0x7c _build/nrf52811_xxaa/nrfx_gpiote.c.o
                0x0001b530                nrfx_gpiote_init
 .text.nrfx_gpiote_is_init
                0x0001b5ac       0x14 _build/nrf52811_xxaa/nrfx_gpiote.c.o
                0x0001b5ac                nrfx_gpiote_is_init
 .text.nrfx_gpiote_in_init
                0x0001b5c0       0xf0 _build/nrf52811_xxaa/nrfx_gpiote.c.o
                0x0001b5c0                nrfx_gpiote_in_init
 .text.nrfx_gpiote_in_event_enable
                0x0001b6b0       0x8c _build/nrf52811_xxaa/nrfx_gpiote.c.o
                0x0001b6b0                nrfx_gpiote_in_event_enable
 .text.nrfx_gpiote_in_is_set
                0x0001b73c       0x12 _build/nrf52811_xxaa/nrfx_gpiote.c.o
                0x0001b73c                nrfx_gpiote_in_is_set
 *fill*         0x0001b74e        0x2 
 .text.GPIOTE_IRQHandler
                0x0001b750      0x14c _build/nrf52811_xxaa/nrfx_gpiote.c.o
                0x0001b750                GPIOTE_IRQHandler
 .text.UARTE0_UART0_IRQHandler
                0x0001b89c        0xc _build/nrf52811_xxaa/nrfx_prs.c.o
                0x0001b89c                UARTE0_UART0_IRQHandler
 .text.nrfx_prs_acquire
                0x0001b8a8       0x44 _build/nrf52811_xxaa/nrfx_prs.c.o
                0x0001b8a8                nrfx_prs_acquire
 .text.nrfx_prs_release
                0x0001b8ec       0x18 _build/nrf52811_xxaa/nrfx_prs.c.o
                0x0001b8ec                nrfx_prs_release
 .text.nrf_uart_event_clear
                0x0001b904       0x10 _build/nrf52811_xxaa/nrfx_uart.c.o
 .text.tx_byte  0x0001b914       0x1e _build/nrf52811_xxaa/nrfx_uart.c.o
 .text.rx_byte  0x0001b932       0x2c _build/nrf52811_xxaa/nrfx_uart.c.o
 *fill*         0x0001b95e        0x2 
 .text.rx_done_event.constprop.0
                0x0001b960       0x20 _build/nrf52811_xxaa/nrfx_uart.c.o
 .text.nrfx_uart_0_irq_handler
                0x0001b980      0x144 _build/nrf52811_xxaa/nrfx_uart.c.o
                0x0001b980                nrfx_uart_0_irq_handler
 .text.nrfx_uart_init
                0x0001bac4      0x184 _build/nrf52811_xxaa/nrfx_uart.c.o
                0x0001bac4                nrfx_uart_init
 .text.nrfx_uart_uninit
                0x0001bc48       0xdc _build/nrf52811_xxaa/nrfx_uart.c.o
                0x0001bc48                nrfx_uart_uninit
 .text.nrfx_uart_tx_in_progress
                0x0001bd24       0x18 _build/nrf52811_xxaa/nrfx_uart.c.o
                0x0001bd24                nrfx_uart_tx_in_progress
 .text.nrfx_uart_tx
                0x0001bd3c       0xa0 _build/nrf52811_xxaa/nrfx_uart.c.o
                0x0001bd3c                nrfx_uart_tx
 .text.nrf_uarte_event_clear
                0x0001bddc       0x10 _build/nrf52811_xxaa/nrfx_uarte.c.o
 .text.rx_done_event.constprop.0
                0x0001bdec       0x20 _build/nrf52811_xxaa/nrfx_uarte.c.o
 .text.nrfx_uarte_0_irq_handler
                0x0001be0c      0x118 _build/nrf52811_xxaa/nrfx_uarte.c.o
                0x0001be0c                nrfx_uarte_0_irq_handler
 .text.nrfx_uarte_init
                0x0001bf24      0x1a0 _build/nrf52811_xxaa/nrfx_uarte.c.o
                0x0001bf24                nrfx_uarte_init
 .text.nrfx_uarte_uninit
                0x0001c0c4      0x120 _build/nrf52811_xxaa/nrfx_uarte.c.o
                0x0001c0c4                nrfx_uarte_uninit
 .text.nrfx_uarte_tx_in_progress
                0x0001c1e4       0x18 _build/nrf52811_xxaa/nrfx_uarte.c.o
                0x0001c1e4                nrfx_uarte_tx_in_progress
 .text.nrfx_uarte_tx
                0x0001c1fc       0xa4 _build/nrf52811_xxaa/nrfx_uarte.c.o
                0x0001c1fc                nrfx_uarte_tx
 .text.alert_timer_handler
                0x0001c2a0        0x6 _build/nrf52811_xxaa/bsp.c.o
 *fill*         0x0001c2a6        0x2 
 .text.bsp_button_event_handler
                0x0001c2a8       0x9c _build/nrf52811_xxaa/bsp.c.o
 .text.button_timer_handler
                0x0001c344        0x8 _build/nrf52811_xxaa/bsp.c.o
 .text.leds_off
                0x0001c34c       0x2c _build/nrf52811_xxaa/bsp.c.o
 .text.bsp_led_indication
                0x0001c378      0x200 _build/nrf52811_xxaa/bsp.c.o
 .text.leds_timer_handler
                0x0001c578       0x1c _build/nrf52811_xxaa/bsp.c.o
 .text.bsp_indication_set
                0x0001c594       0x18 _build/nrf52811_xxaa/bsp.c.o
                0x0001c594                bsp_indication_set
 .text.bsp_init
                0x0001c5ac       0x9c _build/nrf52811_xxaa/bsp.c.o
                0x0001c5ac                bsp_init
 .text.sd_ble_gap_adv_set_configure
                0x0001c648        0x4 _build/nrf52811_xxaa/main.c.o
 .text.sd_ble_gap_adv_start
                0x0001c64c        0x4 _build/nrf52811_xxaa/main.c.o
 .text.startup.main
                0x0001c650      0x124 _build/nrf52811_xxaa/main.c.o
                0x0001c650                main
 .text.sd_ble_gap_addr_get
                0x0001c774        0x4 _build/nrf52811_xxaa/ble_advdata.c.o
 .text.sd_ble_gap_appearance_get
                0x0001c778        0x4 _build/nrf52811_xxaa/ble_advdata.c.o
 .text.sd_ble_gap_device_name_get
                0x0001c77c        0x4 _build/nrf52811_xxaa/ble_advdata.c.o
 .text.sd_ble_uuid_encode
                0x0001c780        0x4 _build/nrf52811_xxaa/ble_advdata.c.o
 .text.uuid_list_sized_encode
                0x0001c784       0xac _build/nrf52811_xxaa/ble_advdata.c.o
 .text.uuid_list_encode
                0x0001c830       0x38 _build/nrf52811_xxaa/ble_advdata.c.o
 .text.ble_advdata_encode
                0x0001c868      0x392 _build/nrf52811_xxaa/ble_advdata.c.o
                0x0001c868                ble_advdata_encode
 .text.sd_softdevice_enable
                0x0001cbfa        0x4 _build/nrf52811_xxaa/nrf_sdh.c.o
 *fill*         0x0001cbfe        0x2 
 .text.sdh_request_observer_notify
                0x0001cc00       0x30 _build/nrf52811_xxaa/nrf_sdh.c.o
 .text.sdh_state_observer_notify
                0x0001cc30       0x28 _build/nrf52811_xxaa/nrf_sdh.c.o
 .text.softdevices_evt_irq_enable
                0x0001cc58       0x38 _build/nrf52811_xxaa/nrf_sdh.c.o
 .text.nrf_sdh_enable_request
                0x0001cc90       0x7c _build/nrf52811_xxaa/nrf_sdh.c.o
                0x0001cc90                nrf_sdh_enable_request
 .text.nrf_sdh_is_enabled
                0x0001cd0c        0xc _build/nrf52811_xxaa/nrf_sdh.c.o
                0x0001cd0c                nrf_sdh_is_enabled
 .text.nrf_sdh_evts_poll
                0x0001cd18       0x28 _build/nrf52811_xxaa/nrf_sdh.c.o
                0x0001cd18                nrf_sdh_evts_poll
 .text.SWI2_IRQHandler
                0x0001cd40        0x4 _build/nrf52811_xxaa/nrf_sdh.c.o
                0x0001cd40                SWI2_IRQHandler
 .text.sd_ble_enable
                0x0001cd44        0x4 _build/nrf52811_xxaa/nrf_sdh_ble.c.o
 .text.sd_ble_cfg_set
                0x0001cd48        0x4 _build/nrf52811_xxaa/nrf_sdh_ble.c.o
 .text.sd_ble_evt_get
                0x0001cd4c        0x4 _build/nrf52811_xxaa/nrf_sdh_ble.c.o
 .text.nrf_sdh_ble_evts_poll
                0x0001cd50       0x58 _build/nrf52811_xxaa/nrf_sdh_ble.c.o
 .text.nrf_sdh_ble_default_cfg_set
                0x0001cda8      0x15c _build/nrf52811_xxaa/nrf_sdh_ble.c.o
                0x0001cda8                nrf_sdh_ble_default_cfg_set
 .text.nrf_sdh_ble_enable
                0x0001cf04       0x94 _build/nrf52811_xxaa/nrf_sdh_ble.c.o
                0x0001cf04                nrf_sdh_ble_enable
 .text.sd_evt_get
                0x0001cf98        0x4 _build/nrf52811_xxaa/nrf_sdh_soc.c.o
 .text.nrf_sdh_soc_evts_poll
                0x0001cf9c       0x40 _build/nrf52811_xxaa/nrf_sdh_soc.c.o
 .text.exit     0x0001cfdc       0x28 d:/program files/gnu arm embedded toolchain/10 2020-q4-major/bin/../lib/gcc/arm-none-eabi/10.2.1/../../../../arm-none-eabi/lib/thumb/v7e-m/nofp\libc_nano.a(lib_a-exit.o)
                0x0001cfdc                exit
 .text.__libc_init_array
                0x0001d004       0x48 d:/program files/gnu arm embedded toolchain/10 2020-q4-major/bin/../lib/gcc/arm-none-eabi/10.2.1/../../../../arm-none-eabi/lib/thumb/v7e-m/nofp\libc_nano.a(lib_a-init.o)
                0x0001d004                __libc_init_array
 .text.memcpy   0x0001d04c       0x1c d:/program files/gnu arm embedded toolchain/10 2020-q4-major/bin/../lib/gcc/arm-none-eabi/10.2.1/../../../../arm-none-eabi/lib/thumb/v7e-m/nofp\libc_nano.a(lib_a-memcpy-stub.o)
                0x0001d04c                memcpy
 .text.memset   0x0001d068       0x10 d:/program files/gnu arm embedded toolchain/10 2020-q4-major/bin/../lib/gcc/arm-none-eabi/10.2.1/../../../../arm-none-eabi/lib/thumb/v7e-m/nofp\libc_nano.a(lib_a-memset.o)
                0x0001d068                memset
 .text          0x0001d078       0x10 d:/program files/gnu arm embedded toolchain/10 2020-q4-major/bin/../lib/gcc/arm-none-eabi/10.2.1/../../../../arm-none-eabi/lib/thumb/v7e-m/nofp\libc_nano.a(lib_a-strlen.o)
                0x0001d078                strlen
 .text._exit    0x0001d088        0x4 d:/program files/gnu arm embedded toolchain/10 2020-q4-major/bin/../lib/gcc/arm-none-eabi/10.2.1/../../../../arm-none-eabi/lib/thumb/v7e-m/nofp\libnosys.a(_exit.o)
                0x0001d088                _exit
 .text          0x0001d08c       0x30 d:/program files/gnu arm embedded toolchain/10 2020-q4-major/bin/../lib/gcc/arm-none-eabi/10.2.1/thumb/v7e-m/nofp\libgcc.a(_aeabi_uldivmod.o)
                0x0001d08c                __aeabi_uldivmod
 .text          0x0001d0bc      0x2d0 d:/program files/gnu arm embedded toolchain/10 2020-q4-major/bin/../lib/gcc/arm-none-eabi/10.2.1/thumb/v7e-m/nofp\libgcc.a(_udivmoddi4.o)
                0x0001d0bc                __udivmoddi4
 .text          0x0001d38c        0x4 d:/program files/gnu arm embedded toolchain/10 2020-q4-major/bin/../lib/gcc/arm-none-eabi/10.2.1/thumb/v7e-m/nofp\libgcc.a(_dvmd_tls.o)
                0x0001d38c                __aeabi_idiv0
                0x0001d38c                __aeabi_ldiv0
 *(.init)
 .init          0x0001d390        0x4 d:/program files/gnu arm embedded toolchain/10 2020-q4-major/bin/../lib/gcc/arm-none-eabi/10.2.1/thumb/v7e-m/nofp/crti.o
                0x0001d390                _init
 .init          0x0001d394        0x8 d:/program files/gnu arm embedded toolchain/10 2020-q4-major/bin/../lib/gcc/arm-none-eabi/10.2.1/thumb/v7e-m/nofp/crtn.o
 *(.fini)
 .fini          0x0001d39c        0x4 d:/program files/gnu arm embedded toolchain/10 2020-q4-major/bin/../lib/gcc/arm-none-eabi/10.2.1/thumb/v7e-m/nofp/crti.o
                0x0001d39c                _fini
 .fini          0x0001d3a0        0x8 d:/program files/gnu arm embedded toolchain/10 2020-q4-major/bin/../lib/gcc/arm-none-eabi/10.2.1/thumb/v7e-m/nofp/crtn.o
 *crtbegin.o(.ctors)
 *crtbegin?.o(.ctors)
 *(EXCLUDE_FILE(*crtend.o *crtend?.o) .ctors)
 *(SORT_BY_NAME(.ctors.*))
 *(.ctors)
 *crtbegin.o(.dtors)
 *crtbegin?.o(.dtors)
 *(EXCLUDE_FILE(*crtend.o *crtend?.o) .dtors)
 *(SORT_BY_NAME(.dtors.*))
 *(.dtors)
 *(.rodata*)
 .rodata        0x0001d3a8       0x20 _build/nrf52811_xxaa/nrf_log_backend_uart.c.o
 .rodata.nrf_log_backend_uart_api
                0x0001d3c8        0xc _build/nrf52811_xxaa/nrf_log_backend_uart.c.o
                0x0001d3c8                nrf_log_backend_uart_api
 .rodata.str1.1
                0x0001d3d4       0x11 _build/nrf52811_xxaa/nrf_log_default_backends.c.o
 .rodata.nrf_log_frontend_dequeue.str1.1
                0x0001d3e5       0x11 _build/nrf52811_xxaa/nrf_log_frontend.c.o
 .rodata.str1.1
                0x0001d3f6        0x4 _build/nrf52811_xxaa/nrf_log_frontend.c.o
 *fill*         0x0001d3fa        0x2 
 .rodata.m_log_push_ringbuf
                0x0001d3fc        0xc _build/nrf52811_xxaa/nrf_log_frontend.c.o
 .rodata.prefix_process.str1.1
                0x0001d408       0x32 _build/nrf52811_xxaa/nrf_log_str_formatter.c.o
 .rodata.postfix_process.str1.1
                0x0001d43a       0x32 _build/nrf52811_xxaa/nrf_log_str_formatter.c.o
                                  0x3 (size before relaxing)
 .rodata.nrf_log_hexdump_entry_process.str1.1
                0x0001d43a        0xf _build/nrf52811_xxaa/nrf_log_str_formatter.c.o
                                 0x11 (size before relaxing)
 .rodata.str1.1
                0x0001d449       0x4b _build/nrf52811_xxaa/nrf_log_str_formatter.c.o
                                 0x51 (size before relaxing)
 .rodata.m_colors
                0x0001d494       0x24 _build/nrf52811_xxaa/nrf_log_str_formatter.c.o
 .rodata.severity_names
                0x0001d4b8       0x14 _build/nrf52811_xxaa/nrf_log_str_formatter.c.o
 .rodata.str1.1
                0x0001d4cc        0xb _build/nrf52811_xxaa/app_button.c.o
 *fill*         0x0001d4d7        0x1 
 .rodata.m_detection_delay_timer_id
                0x0001d4d8        0x4 _build/nrf52811_xxaa/app_button.c.o
 .rodata.app_error_fault_handler.str1.1
                0x0001d4dc       0x19 _build/nrf52811_xxaa/app_error_weak.c.o
 .rodata.str1.1
                0x0001d4f5        0xa _build/nrf52811_xxaa/app_timer2.c.o
 *fill*         0x0001d4ff        0x1 
 .rodata        0x0001d500        0x4 _build/nrf52811_xxaa/app_timer2.c.o
 .rodata.m_app_timer_sortlist
                0x0001d504        0xc _build/nrf52811_xxaa/app_timer2.c.o
 .rodata.drv_rtc_init.str1.1
                0x0001d510       0x34 _build/nrf52811_xxaa/drv_rtc.c.o
 *fill*         0x0001d544        0xc 
 .rodata.delay_machine_code.0
                0x0001d550        0x6 _build/nrf52811_xxaa/drv_rtc.c.o
 .rodata._aV2C.0
                0x0001d556       0x10 _build/nrf52811_xxaa/nrf_fprintf_format.c.o
 .rodata.str1.1
                0x0001d566        0x9 _build/nrf52811_xxaa/nrf_pwr_mgmt.c.o
 *fill*         0x0001d56f        0x1 
 .rodata.pwr_mgmt_data
                0x0001d570        0xc _build/nrf52811_xxaa/nrf_pwr_mgmt.c.o
 .rodata.str1.1
                0x0001d57c        0x9 _build/nrf52811_xxaa/nrf_sortlist.c.o
 .rodata.str1.1
                0x0001d585      0x3ba _build/nrf52811_xxaa/nrf_strerror.c.o
 .rodata.m_unknown_str
                0x0001d93f       0x13 _build/nrf52811_xxaa/nrf_strerror.c.o
 *fill*         0x0001d952        0x2 
 .rodata.nrf_strerror_array
                0x0001d954      0x128 _build/nrf52811_xxaa/nrf_strerror.c.o
 .rodata.CSWTCH.6
                0x0001da7c        0x4 _build/nrf52811_xxaa/system_nrf52811.c.o
 .rodata.m_board_led_list
                0x0001da80        0x4 _build/nrf52811_xxaa/boards.c.o
 .rodata.str1.1
                0x0001da84        0x6 _build/nrf52811_xxaa/nrf_drv_clock.c.o
 .rodata.str1.1
                0x0001da8a        0x6 _build/nrf52811_xxaa/nrfx_clock.c.o
 .rodata.str1.1
                0x0001da90        0x7 _build/nrf52811_xxaa/nrfx_gpiote.c.o
 .rodata.str1.1
                0x0001da97        0x4 _build/nrf52811_xxaa/nrfx_prs.c.o
 .rodata.str1.1
                0x0001da9b        0x5 _build/nrf52811_xxaa/nrfx_uart.c.o
 .rodata.str1.1
                0x0001daa0        0x6 _build/nrf52811_xxaa/nrfx_uarte.c.o
 *fill*         0x0001daa6        0x2 
 .rodata.app_buttons
                0x0001daa8       0x20 _build/nrf52811_xxaa/bsp.c.o
 .rodata.m_bsp_alert_tmr
                0x0001dac8        0x4 _build/nrf52811_xxaa/bsp.c.o
 .rodata.m_bsp_button_tmr
                0x0001dacc        0x4 _build/nrf52811_xxaa/bsp.c.o
 .rodata.m_bsp_leds_tmr
                0x0001dad0        0x4 _build/nrf52811_xxaa/bsp.c.o
 .rodata.main.str1.1
                0x0001dad4       0x18 _build/nrf52811_xxaa/main.c.o
 .rodata.str1.1
                0x0001daec        0x8 _build/nrf52811_xxaa/nrf_sdh.c.o
 .rodata        0x0001daf4        0x4 _build/nrf52811_xxaa/nrf_sdh.c.o
 .rodata.sdh_req_observers
                0x0001daf8        0xc _build/nrf52811_xxaa/nrf_sdh.c.o
 .rodata.sdh_stack_observers
                0x0001db04        0xc _build/nrf52811_xxaa/nrf_sdh.c.o
 .rodata.sdh_state_observers
                0x0001db10        0xc _build/nrf52811_xxaa/nrf_sdh.c.o
 .rodata.nrf_sdh_ble_default_cfg_set.str1.1
                0x0001db1c      0x182 _build/nrf52811_xxaa/nrf_sdh_ble.c.o
 .rodata.nrf_sdh_ble_enable.str1.1
                0x0001dc9e       0xa7 _build/nrf52811_xxaa/nrf_sdh_ble.c.o
 .rodata.str1.1
                0x0001dd45        0xc _build/nrf52811_xxaa/nrf_sdh_ble.c.o
 *fill*         0x0001dd51        0x3 
 .rodata.sdh_ble_observers
                0x0001dd54        0xc _build/nrf52811_xxaa/nrf_sdh_ble.c.o
 .rodata.str1.1
                0x0001dd60        0xc _build/nrf52811_xxaa/nrf_sdh_soc.c.o
 .rodata.sdh_soc_observers
                0x0001dd6c        0xc _build/nrf52811_xxaa/nrf_sdh_soc.c.o
 .rodata._ctype_
                0x0001dd78      0x101 d:/program files/gnu arm embedded toolchain/10 2020-q4-major/bin/../lib/gcc/arm-none-eabi/10.2.1/../../../../arm-none-eabi/lib/thumb/v7e-m/nofp\libc_nano.a(lib_a-ctype_.o)
                0x0001dd78                _ctype_
 *fill*         0x0001de79        0x3 
 .rodata._global_impure_ptr
                0x0001de7c        0x4 d:/program files/gnu arm embedded toolchain/10 2020-q4-major/bin/../lib/gcc/arm-none-eabi/10.2.1/../../../../arm-none-eabi/lib/thumb/v7e-m/nofp\libc_nano.a(lib_a-impure.o)
                0x0001de7c                _global_impure_ptr
 *(.eh_frame*)
 .eh_frame      0x0001de80        0x0 d:/program files/gnu arm embedded toolchain/10 2020-q4-major/bin/../lib/gcc/arm-none-eabi/10.2.1/thumb/v7e-m/nofp/crtbegin.o
 .eh_frame      0x0001de80        0x4 d:/program files/gnu arm embedded toolchain/10 2020-q4-major/bin/../lib/gcc/arm-none-eabi/10.2.1/thumb/v7e-m/nofp/crtend.o

.glue_7         0x0001de84        0x0
 .glue_7        0x0001de84        0x0 linker stubs

.glue_7t        0x0001de84        0x0
 .glue_7t       0x0001de84        0x0 linker stubs

.vfp11_veneer   0x0001de84        0x0
 .vfp11_veneer  0x0001de84        0x0 linker stubs

.v4_bx          0x0001de84        0x0
 .v4_bx         0x0001de84        0x0 linker stubs

.iplt           0x0001de84        0x0
 .iplt          0x0001de84        0x0 d:/program files/gnu arm embedded toolchain/10 2020-q4-major/bin/../lib/gcc/arm-none-eabi/10.2.1/thumb/v7e-m/nofp/crtbegin.o

.mem_section_dummy_rom

.sdh_soc_observers
                0x0001de84        0x8
                0x0001de84                PROVIDE (__start_sdh_soc_observers = .)
 *(SORT_BY_NAME(.sdh_soc_observers*))
 .sdh_soc_observers0
                0x0001de84        0x8 _build/nrf52811_xxaa/nrf_drv_clock.c.o
                0x0001de8c                PROVIDE (__stop_sdh_soc_observers = .)

.sdh_ble_observers
                0x0001de8c        0x0
                0x0001de8c                PROVIDE (__start_sdh_ble_observers = .)
 *(SORT_BY_NAME(.sdh_ble_observers*))
                0x0001de8c                PROVIDE (__stop_sdh_ble_observers = .)

.pwr_mgmt_data  0x0001de8c        0x0
                0x0001de8c                PROVIDE (__start_pwr_mgmt_data = .)
 *(SORT_BY_NAME(.pwr_mgmt_data*))
                0x0001de8c                PROVIDE (__stop_pwr_mgmt_data = .)

.sdh_req_observers
                0x0001de8c        0x0
                0x0001de8c                PROVIDE (__start_sdh_req_observers = .)
 *(SORT_BY_NAME(.sdh_req_observers*))
                0x0001de8c                PROVIDE (__stop_sdh_req_observers = .)

.sdh_state_observers
                0x0001de8c        0x8
                0x0001de8c                PROVIDE (__start_sdh_state_observers = .)
 *(SORT_BY_NAME(.sdh_state_observers*))
 .sdh_state_observers0
                0x0001de8c        0x8 _build/nrf52811_xxaa/nrf_drv_clock.c.o
                0x0001de94                PROVIDE (__stop_sdh_state_observers = .)

.sdh_stack_observers
                0x0001de94       0x10
                0x0001de94                PROVIDE (__start_sdh_stack_observers = .)
 *(SORT_BY_NAME(.sdh_stack_observers*))
 .sdh_stack_observers0
                0x0001de94        0x8 _build/nrf52811_xxaa/nrf_sdh_ble.c.o
 .sdh_stack_observers0
                0x0001de9c        0x8 _build/nrf52811_xxaa/nrf_sdh_soc.c.o
                0x0001dea4                PROVIDE (__stop_sdh_stack_observers = .)

.nrf_queue      0x0001dea4        0x0
                [!provide]                PROVIDE (__start_nrf_queue = .)
 *(.nrf_queue)
                [!provide]                PROVIDE (__stop_nrf_queue = .)

.nrf_balloc     0x0001dea4       0x14
                [!provide]                PROVIDE (__start_nrf_balloc = .)
 *(.nrf_balloc)
 .nrf_balloc    0x0001dea4       0x14 _build/nrf52811_xxaa/nrf_log_frontend.c.o
                0x0001dea4                log_mempool
                [!provide]                PROVIDE (__stop_nrf_balloc = .)

.cli_command    0x0001deb8        0x0
                [!provide]                PROVIDE (__start_cli_command = .)
 *(.cli_command)
                [!provide]                PROVIDE (__stop_cli_command = .)

.crypto_data    0x0001deb8        0x0
                [!provide]                PROVIDE (__start_crypto_data = .)
 *(SORT_BY_NAME(.crypto_data*))
                [!provide]                PROVIDE (__stop_crypto_data = .)

.log_const_data
                0x0001deb8       0x70
                0x0001deb8                PROVIDE (__start_log_const_data = .)
 *(SORT_BY_NAME(.log_const_data*))
 .log_const_data_CLOCK
                0x0001deb8        0x8 _build/nrf52811_xxaa/nrfx_clock.c.o
                0x0001deb8                m_nrf_log_CLOCK_logs_data_const
 .log_const_data_GPIOTE
                0x0001dec0        0x8 _build/nrf52811_xxaa/nrfx_gpiote.c.o
                0x0001dec0                m_nrf_log_GPIOTE_logs_data_const
 .log_const_data_PRS
                0x0001dec8        0x8 _build/nrf52811_xxaa/nrfx_prs.c.o
                0x0001dec8                m_nrf_log_PRS_logs_data_const
 .log_const_data_UART
                0x0001ded0        0x8 _build/nrf52811_xxaa/nrfx_uart.c.o
                0x0001ded0                m_nrf_log_UART_logs_data_const
 .log_const_data_UARTE
                0x0001ded8        0x8 _build/nrf52811_xxaa/nrfx_uarte.c.o
                0x0001ded8                m_nrf_log_UARTE_logs_data_const
 .log_const_data_app
                0x0001dee0        0x8 _build/nrf52811_xxaa/nrf_log_frontend.c.o
                0x0001dee0                m_nrf_log_app_logs_data_const
 .log_const_data_app_button
                0x0001dee8        0x8 _build/nrf52811_xxaa/app_button.c.o
                0x0001dee8                m_nrf_log_app_button_logs_data_const
 .log_const_data_app_timer
                0x0001def0        0x8 _build/nrf52811_xxaa/app_timer2.c.o
                0x0001def0                m_nrf_log_app_timer_logs_data_const
 .log_const_data_clock
                0x0001def8        0x8 _build/nrf52811_xxaa/nrf_drv_clock.c.o
                0x0001def8                m_nrf_log_clock_logs_data_const
 .log_const_data_nrf_sdh
                0x0001df00        0x8 _build/nrf52811_xxaa/nrf_sdh.c.o
                0x0001df00                m_nrf_log_nrf_sdh_logs_data_const
 .log_const_data_nrf_sdh_ble
                0x0001df08        0x8 _build/nrf52811_xxaa/nrf_sdh_ble.c.o
                0x0001df08                m_nrf_log_nrf_sdh_ble_logs_data_const
 .log_const_data_nrf_sdh_soc
                0x0001df10        0x8 _build/nrf52811_xxaa/nrf_sdh_soc.c.o
                0x0001df10                m_nrf_log_nrf_sdh_soc_logs_data_const
 .log_const_data_pwr_mgmt
                0x0001df18        0x8 _build/nrf52811_xxaa/nrf_pwr_mgmt.c.o
                0x0001df18                m_nrf_log_pwr_mgmt_logs_data_const
 .log_const_data_sortlist
                0x0001df20        0x8 _build/nrf52811_xxaa/nrf_sortlist.c.o
                0x0001df20                m_nrf_log_sortlist_logs_data_const
                0x0001df28                PROVIDE (__stop_log_const_data = .)

.log_backends   0x0001df28       0x10
                [!provide]                PROVIDE (__start_log_backends = .)
 *(SORT_BY_NAME(.log_backends*))
 .log_backends  0x0001df28       0x10 _build/nrf52811_xxaa/nrf_log_default_backends.c.o
                [!provide]                PROVIDE (__stop_log_backends = .)

.ARM.extab
 *(.ARM.extab* .gnu.linkonce.armextab.*)
                0x0001df38                __exidx_start = .

.ARM.exidx      0x0001df38        0x8
 *(.ARM.exidx* .gnu.linkonce.armexidx.*)
 .ARM.exidx     0x0001df38        0x8 d:/program files/gnu arm embedded toolchain/10 2020-q4-major/bin/../lib/gcc/arm-none-eabi/10.2.1/../../../../arm-none-eabi/lib/thumb/v7e-m/nofp/crt0.o
                                 0x10 (size before relaxing)
 .ARM.exidx     0x0001df40        0x0 d:/program files/gnu arm embedded toolchain/10 2020-q4-major/bin/../lib/gcc/arm-none-eabi/10.2.1/thumb/v7e-m/nofp\libgcc.a(_udivmoddi4.o)
                                  0x8 (size before relaxing)
                0x0001df40                __exidx_end = .

.rel.dyn        0x0001df40        0x0
 .rel.iplt      0x0001df40        0x0 d:/program files/gnu arm embedded toolchain/10 2020-q4-major/bin/../lib/gcc/arm-none-eabi/10.2.1/thumb/v7e-m/nofp/crtbegin.o
                0x0001df40                . = ALIGN (0x4)
                0x0001df40                __etext = .

.data           0x20001118       0xb8 load address 0x0001df40
                0x20001118                __data_start__ = .
 *(vtable)
 *(.data*)
 .data.m_uart   0x20001118       0x14 _build/nrf52811_xxaa/nrf_log_backend_uart.c.o
                0x20001118                m_uart
 .data.log_backend_cb_uart_log_backend
                0x2000112c        0x8 _build/nrf52811_xxaa/nrf_log_default_backends.c.o
 .data.m_rtc_inst
                0x20001134        0x8 _build/nrf52811_xxaa/app_timer2.c.o
 .data.SystemCoreClock
                0x2000113c        0x4 _build/nrf52811_xxaa/system_nrf52811.c.o
                0x2000113c                SystemCoreClock
 .data.m_adv_data
                0x20001140       0x10 _build/nrf52811_xxaa/main.c.o
 .data.m_adv_handle
                0x20001150        0x1 _build/nrf52811_xxaa/main.c.o
 .data.m_beacon_info
                0x20001151       0x17 _build/nrf52811_xxaa/main.c.o
 .data.impure_data
                0x20001168       0x60 d:/program files/gnu arm embedded toolchain/10 2020-q4-major/bin/../lib/gcc/arm-none-eabi/10.2.1/../../../../arm-none-eabi/lib/thumb/v7e-m/nofp\libc_nano.a(lib_a-impure.o)
                0x200011c8                . = ALIGN (0x4)
                0x200011c8                PROVIDE (__preinit_array_start = .)
 *(.preinit_array)
                0x200011c8                PROVIDE (__preinit_array_end = .)
                0x200011c8                . = ALIGN (0x4)
                0x200011c8                PROVIDE (__init_array_start = .)
 *(SORT_BY_NAME(.init_array.*))
 *(.init_array)
 .init_array    0x200011c8        0x4 d:/program files/gnu arm embedded toolchain/10 2020-q4-major/bin/../lib/gcc/arm-none-eabi/10.2.1/thumb/v7e-m/nofp/crtbegin.o
                0x200011cc                PROVIDE (__init_array_end = .)
                0x200011cc                . = ALIGN (0x4)
                [!provide]                PROVIDE (__fini_array_start = .)
 *(SORT_BY_NAME(.fini_array.*))
 *(.fini_array)
 .fini_array    0x200011cc        0x4 d:/program files/gnu arm embedded toolchain/10 2020-q4-major/bin/../lib/gcc/arm-none-eabi/10.2.1/thumb/v7e-m/nofp/crtbegin.o
                [!provide]                PROVIDE (__fini_array_end = .)
 *(.jcr*)
                0x200011d0                . = ALIGN (0x4)
                0x200011d0                __data_end__ = .
LOAD d:/program files/gnu arm embedded toolchain/10 2020-q4-major/bin/../lib/gcc/arm-none-eabi/10.2.1/thumb/v7e-m/nofp/crti.o
LOAD d:/program files/gnu arm embedded toolchain/10 2020-q4-major/bin/../lib/gcc/arm-none-eabi/10.2.1/thumb/v7e-m/nofp/crtbegin.o
LOAD d:/program files/gnu arm embedded toolchain/10 2020-q4-major/bin/../lib/gcc/arm-none-eabi/10.2.1/../../../../arm-none-eabi/lib/thumb/v7e-m/nofp/crt0.o
LOAD _build/nrf52811_xxaa/gcc_startup_nrf52811.S.o
LOAD _build/nrf52811_xxaa/nrf_log_backend_rtt.c.o
LOAD _build/nrf52811_xxaa/nrf_log_backend_serial.c.o
LOAD _build/nrf52811_xxaa/nrf_log_backend_uart.c.o
LOAD _build/nrf52811_xxaa/nrf_log_default_backends.c.o
LOAD _build/nrf52811_xxaa/nrf_log_frontend.c.o
LOAD _build/nrf52811_xxaa/nrf_log_str_formatter.c.o
LOAD _build/nrf52811_xxaa/app_button.c.o
LOAD _build/nrf52811_xxaa/app_error.c.o
LOAD _build/nrf52811_xxaa/app_error_handler_gcc.c.o
LOAD _build/nrf52811_xxaa/app_error_weak.c.o
LOAD _build/nrf52811_xxaa/app_scheduler.c.o
LOAD _build/nrf52811_xxaa/app_timer2.c.o
LOAD _build/nrf52811_xxaa/app_util_platform.c.o
LOAD _build/nrf52811_xxaa/drv_rtc.c.o
LOAD _build/nrf52811_xxaa/hardfault_implementation.c.o
LOAD _build/nrf52811_xxaa/nrf_assert.c.o
LOAD _build/nrf52811_xxaa/nrf_atfifo.c.o
LOAD _build/nrf52811_xxaa/nrf_atomic.c.o
LOAD _build/nrf52811_xxaa/nrf_balloc.c.o
LOAD _build/nrf52811_xxaa/nrf_fprintf.c.o
LOAD _build/nrf52811_xxaa/nrf_fprintf_format.c.o
LOAD _build/nrf52811_xxaa/nrf_memobj.c.o
LOAD _build/nrf52811_xxaa/nrf_pwr_mgmt.c.o
LOAD _build/nrf52811_xxaa/nrf_ringbuf.c.o
LOAD _build/nrf52811_xxaa/nrf_section_iter.c.o
LOAD _build/nrf52811_xxaa/nrf_sortlist.c.o
LOAD _build/nrf52811_xxaa/nrf_strerror.c.o
LOAD _build/nrf52811_xxaa/system_nrf52811.c.o
LOAD _build/nrf52811_xxaa/boards.c.o
LOAD _build/nrf52811_xxaa/nrf_drv_clock.c.o
LOAD _build/nrf52811_xxaa/nrf_drv_uart.c.o
LOAD _build/nrf52811_xxaa/nrfx_atomic.c.o
LOAD _build/nrf52811_xxaa/nrfx_clock.c.o
LOAD _build/nrf52811_xxaa/nrfx_gpiote.c.o
LOAD _build/nrf52811_xxaa/nrfx_prs.c.o
LOAD _build/nrf52811_xxaa/nrfx_uart.c.o
LOAD _build/nrf52811_xxaa/nrfx_uarte.c.o
LOAD _build/nrf52811_xxaa/bsp.c.o
LOAD _build/nrf52811_xxaa/main.c.o
LOAD _build/nrf52811_xxaa/SEGGER_RTT.c.o
LOAD _build/nrf52811_xxaa/SEGGER_RTT_Syscalls_GCC.c.o
LOAD _build/nrf52811_xxaa/SEGGER_RTT_printf.c.o
LOAD _build/nrf52811_xxaa/ble_advdata.c.o
LOAD _build/nrf52811_xxaa/ble_srv_common.c.o
LOAD _build/nrf52811_xxaa/utf.c.o
LOAD _build/nrf52811_xxaa/nrf_sdh.c.o
LOAD _build/nrf52811_xxaa/nrf_sdh_ble.c.o
LOAD _build/nrf52811_xxaa/nrf_sdh_soc.c.o
LOAD d:/program files/gnu arm embedded toolchain/10 2020-q4-major/bin/../lib/gcc/arm-none-eabi/10.2.1/../../../../arm-none-eabi/lib/thumb/v7e-m/nofp\libc_nano.a
LOAD d:/program files/gnu arm embedded toolchain/10 2020-q4-major/bin/../lib/gcc/arm-none-eabi/10.2.1/../../../../arm-none-eabi/lib/thumb/v7e-m/nofp\libnosys.a
LOAD d:/program files/gnu arm embedded toolchain/10 2020-q4-major/bin/../lib/gcc/arm-none-eabi/10.2.1/../../../../arm-none-eabi/lib/thumb/v7e-m/nofp\libm.a
START GROUP
LOAD d:/program files/gnu arm embedded toolchain/10 2020-q4-major/bin/../lib/gcc/arm-none-eabi/10.2.1/thumb/v7e-m/nofp\libgcc.a
LOAD d:/program files/gnu arm embedded toolchain/10 2020-q4-major/bin/../lib/gcc/arm-none-eabi/10.2.1/../../../../arm-none-eabi/lib/thumb/v7e-m/nofp\libg_nano.a
LOAD d:/program files/gnu arm embedded toolchain/10 2020-q4-major/bin/../lib/gcc/arm-none-eabi/10.2.1/../../../../arm-none-eabi/lib/thumb/v7e-m/nofp\libc_nano.a
END GROUP
START GROUP
LOAD d:/program files/gnu arm embedded toolchain/10 2020-q4-major/bin/../lib/gcc/arm-none-eabi/10.2.1/thumb/v7e-m/nofp\libgcc.a
LOAD d:/program files/gnu arm embedded toolchain/10 2020-q4-major/bin/../lib/gcc/arm-none-eabi/10.2.1/../../../../arm-none-eabi/lib/thumb/v7e-m/nofp\libc_nano.a
END GROUP
LOAD d:/program files/gnu arm embedded toolchain/10 2020-q4-major/bin/../lib/gcc/arm-none-eabi/10.2.1/thumb/v7e-m/nofp/crtend.o
LOAD d:/program files/gnu arm embedded toolchain/10 2020-q4-major/bin/../lib/gcc/arm-none-eabi/10.2.1/thumb/v7e-m/nofp/crtn.o
START GROUP
LOAD d:/program files/gnu arm embedded toolchain/10 2020-q4-major/bin/../lib/gcc/arm-none-eabi/10.2.1/thumb/v7e-m/nofp\libgcc.a
LOAD d:/program files/gnu arm embedded toolchain/10 2020-q4-major/bin/../lib/gcc/arm-none-eabi/10.2.1/../../../../arm-none-eabi/lib/thumb/v7e-m/nofp\libc.a
LOAD d:/program files/gnu arm embedded toolchain/10 2020-q4-major/bin/../lib/gcc/arm-none-eabi/10.2.1/../../../../arm-none-eabi/lib/thumb/v7e-m/nofp\libnosys.a
END GROUP

.igot.plt       0x200011d0        0x0 load address 0x0001dff8
 .igot.plt      0x200011d0        0x0 d:/program files/gnu arm embedded toolchain/10 2020-q4-major/bin/../lib/gcc/arm-none-eabi/10.2.1/thumb/v7e-m/nofp/crtbegin.o
                0x200011d0                . = ALIGN (0x4)

.mem_section_dummy_ram

.cli_sorted_cmd_ptrs
                0x200011d0        0x0
                [!provide]                PROVIDE (__start_cli_sorted_cmd_ptrs = .)
 *(.cli_sorted_cmd_ptrs)
                [!provide]                PROVIDE (__stop_cli_sorted_cmd_ptrs = .)

.fs_data        0x200011d0        0x0
                [!provide]                PROVIDE (__start_fs_data = .)
 *(.fs_data)
                [!provide]                PROVIDE (__stop_fs_data = .)

.log_dynamic_data
                0x200011d0        0x0
                0x200011d0                PROVIDE (__start_log_dynamic_data = .)
 *(SORT_BY_NAME(.log_dynamic_data*))
                [!provide]                PROVIDE (__stop_log_dynamic_data = .)

.log_filter_data
                0x200011d0        0x0
                [!provide]                PROVIDE (__start_log_filter_data = .)
 *(SORT_BY_NAME(.log_filter_data*))
                [!provide]                PROVIDE (__stop_log_filter_data = .)

.bss            0x200011d0      0x87c load address 0x0001dff8
                0x200011d0                . = ALIGN (0x4)
                0x200011d0                __bss_start__ = .
 *(.bss*)
 .bss           0x200011d0       0x1c d:/program files/gnu arm embedded toolchain/10 2020-q4-major/bin/../lib/gcc/arm-none-eabi/10.2.1/thumb/v7e-m/nofp/crtbegin.o
 .bss.m_async_mode
                0x200011ec        0x1 _build/nrf52811_xxaa/nrf_log_backend_uart.c.o
 .bss.m_string_buff
                0x200011ed       0x40 _build/nrf52811_xxaa/nrf_log_backend_uart.c.o
 .bss.m_xfer_done
                0x2000122d        0x1 _build/nrf52811_xxaa/nrf_log_backend_uart.c.o
 *fill*         0x2000122e        0x2 
 .bss.log_mempool_nrf_balloc_cb
                0x20001230        0x8 _build/nrf52811_xxaa/nrf_log_frontend.c.o
 .bss.log_mempool_nrf_balloc_pool_mem
                0x20001238       0xc0 _build/nrf52811_xxaa/nrf_log_frontend.c.o
 .bss.log_mempool_nrf_balloc_pool_stack
                0x200012f8        0x8 _build/nrf52811_xxaa/nrf_log_frontend.c.o
 .bss.m_log_data
                0x20001300      0x420 _build/nrf52811_xxaa/nrf_log_frontend.c.o
 .bss.m_log_push_ringbuf_buf
                0x20001720       0x80 _build/nrf52811_xxaa/nrf_log_frontend.c.o
 .bss.m_log_push_ringbuf_cb
                0x200017a0       0x18 _build/nrf52811_xxaa/nrf_log_frontend.c.o
 .bss.m_button_count
                0x200017b8        0x1 _build/nrf52811_xxaa/app_button.c.o
 *fill*         0x200017b9        0x3 
 .bss.m_detection_delay
                0x200017bc        0x4 _build/nrf52811_xxaa/app_button.c.o
 .bss.m_detection_delay_timer_id_data
                0x200017c0       0x20 _build/nrf52811_xxaa/app_button.c.o
 .bss.m_pin_active
                0x200017e0        0x8 _build/nrf52811_xxaa/app_button.c.o
 .bss.m_pin_states
                0x200017e8       0x10 _build/nrf52811_xxaa/app_button.c.o
 .bss.mp_buttons
                0x200017f8        0x4 _build/nrf52811_xxaa/app_button.c.o
 .bss.m_app_timer_sortlist_sortlist_cb
                0x200017fc        0x4 _build/nrf52811_xxaa/app_timer2.c.o
 .bss.m_base_counter
                0x20001800        0x8 _build/nrf52811_xxaa/app_timer2.c.o
 .bss.m_global_active
                0x20001808        0x1 _build/nrf52811_xxaa/app_timer2.c.o
 *fill*         0x20001809        0x3 
 .bss.m_req_fifo_data
                0x2000180c       0x58 _build/nrf52811_xxaa/app_timer2.c.o
 .bss.m_req_fifo_inst
                0x20001864       0x10 _build/nrf52811_xxaa/app_timer2.c.o
 *fill*         0x20001874        0x4 
 .bss.m_stamp64
                0x20001878        0x8 _build/nrf52811_xxaa/app_timer2.c.o
 .bss.mp_active_timer
                0x20001880        0x4 _build/nrf52811_xxaa/app_timer2.c.o
 .bss.nrf_nvic_state
                0x20001884        0xc _build/nrf52811_xxaa/app_util_platform.c.o
                0x20001884                nrf_nvic_state
 .bss.m_cb      0x20001890        0x8 _build/nrf52811_xxaa/drv_rtc.c.o
 .bss.m_handlers
                0x20001898        0x4 _build/nrf52811_xxaa/drv_rtc.c.o
 .bss.m_handlers_iter
                0x2000189c        0x8 _build/nrf52811_xxaa/nrf_pwr_mgmt.c.o
 .bss.m_shutdown_started
                0x200018a4        0x1 _build/nrf52811_xxaa/nrf_pwr_mgmt.c.o
 *fill*         0x200018a5        0x3 
 .bss.m_sysoff_mtx
                0x200018a8        0x4 _build/nrf52811_xxaa/nrf_pwr_mgmt.c.o
 .bss.m_clock_cb
                0x200018ac       0x14 _build/nrf52811_xxaa/nrf_drv_clock.c.o
 .bss.m_contexts
                0x200018c0        0x4 _build/nrf52811_xxaa/nrf_drv_uart.c.o
 .bss.m_handlers
                0x200018c4        0x4 _build/nrf52811_xxaa/nrf_drv_uart.c.o
 .bss.nrf_drv_uart_use_easy_dma
                0x200018c8        0x1 _build/nrf52811_xxaa/nrf_drv_uart.c.o
                0x200018c8                nrf_drv_uart_use_easy_dma
 *fill*         0x200018c9        0x3 
 .bss.m_clock_cb
                0x200018cc        0x8 _build/nrf52811_xxaa/nrfx_clock.c.o
 .bss.m_cb      0x200018d4       0x5c _build/nrf52811_xxaa/nrfx_gpiote.c.o
 .bss.m_prs_box_2
                0x20001930        0x8 _build/nrf52811_xxaa/nrfx_prs.c.o
 .bss.m_cb      0x20001938       0x2c _build/nrf52811_xxaa/nrfx_uart.c.o
 .bss.m_cb      0x20001964       0x24 _build/nrf52811_xxaa/nrfx_uarte.c.o
 .bss.current_long_push_pin_no.1
                0x20001988        0x1 _build/nrf52811_xxaa/bsp.c.o
 .bss.m_alert_on
                0x20001989        0x1 _build/nrf52811_xxaa/bsp.c.o
 *fill*         0x2000198a        0x6 
 .bss.m_bsp_alert_tmr_data
                0x20001990       0x20 _build/nrf52811_xxaa/bsp.c.o
 .bss.m_bsp_button_tmr_data
                0x200019b0       0x20 _build/nrf52811_xxaa/bsp.c.o
 .bss.m_bsp_leds_tmr_data
                0x200019d0       0x20 _build/nrf52811_xxaa/bsp.c.o
 .bss.m_events_list
                0x200019f0        0xc _build/nrf52811_xxaa/bsp.c.o
 .bss.m_indication_type
                0x200019fc        0x4 _build/nrf52811_xxaa/bsp.c.o
 .bss.m_leds_clear
                0x20001a00        0x1 _build/nrf52811_xxaa/bsp.c.o
 *fill*         0x20001a01        0x3 
 .bss.m_registered_callback
                0x20001a04        0x4 _build/nrf52811_xxaa/bsp.c.o
 .bss.m_stable_state
                0x20001a08        0x1 _build/nrf52811_xxaa/bsp.c.o
 .bss.release_event_at_push.0
                0x20001a09        0x4 _build/nrf52811_xxaa/bsp.c.o
 *fill*         0x20001a0d        0x3 
 .bss.m_adv_params
                0x20001a10       0x18 _build/nrf52811_xxaa/main.c.o
 .bss.m_enc_advdata
                0x20001a28       0x1f _build/nrf52811_xxaa/main.c.o
 .bss.m_nrf_sdh_continue
                0x20001a47        0x1 _build/nrf52811_xxaa/nrf_sdh.c.o
 .bss.m_nrf_sdh_enabled
                0x20001a48        0x1 _build/nrf52811_xxaa/nrf_sdh.c.o
 .bss.m_nrf_sdh_suspended
                0x20001a49        0x1 _build/nrf52811_xxaa/nrf_sdh.c.o
 .bss.m_stack_is_enabled
                0x20001a4a        0x1 _build/nrf52811_xxaa/nrf_sdh_ble.c.o
 *(COMMON)
                0x20001a4c                . = ALIGN (0x4)
 *fill*         0x20001a4b        0x1 
                0x20001a4c                __bss_end__ = .

.heap           0x20001a50      0x800
                0x20001a50                __HeapBase = .
                0x20001a50                __end__ = .
                [!provide]                PROVIDE (end = .)
 *(.heap*)
 .heap          0x20001a50      0x800 _build/nrf52811_xxaa/gcc_startup_nrf52811.S.o
                0x20002250                __HeapLimit = .

.stack_dummy    0x20001a50      0x800
 *(.stack*)
 .stack         0x20001a50      0x800 _build/nrf52811_xxaa/gcc_startup_nrf52811.S.o
                0x20006000                __StackTop = (ORIGIN (RAM) + LENGTH (RAM))
                0x20005800                __StackLimit = (__StackTop - SIZEOF (.stack_dummy))
                0x20006000                PROVIDE (__stack = __StackTop)
                0x00000001                ASSERT ((__StackLimit >= __HeapLimit), region RAM overflowed with stack)
                0x000000b8                DataInitFlashUsed = (__bss_start__ - __data_start__)
                0x00004f40                CodeFlashUsed = (__etext - ORIGIN (FLASH))
                0x00004ff8                TotalFlashUsed = (CodeFlashUsed + DataInitFlashUsed)
                0x00000001                ASSERT ((TotalFlashUsed <= LENGTH (FLASH)), region FLASH overflowed with .data and user data)
OUTPUT(_build/nrf52811_xxaa.out elf32-littlearm)
LOAD linker stubs

.ARM.attributes
                0x00000000       0x2a
 .ARM.attributes
                0x00000000       0x1e d:/program files/gnu arm embedded toolchain/10 2020-q4-major/bin/../lib/gcc/arm-none-eabi/10.2.1/thumb/v7e-m/nofp/crti.o
 .ARM.attributes
                0x0000001e       0x2e d:/program files/gnu arm embedded toolchain/10 2020-q4-major/bin/../lib/gcc/arm-none-eabi/10.2.1/thumb/v7e-m/nofp/crtbegin.o
 .ARM.attributes
                0x0000004c       0x1c d:/program files/gnu arm embedded toolchain/10 2020-q4-major/bin/../lib/gcc/arm-none-eabi/10.2.1/../../../../arm-none-eabi/lib/thumb/v7e-m/nofp/crt0.o
 .ARM.attributes
                0x00000068       0x1c _build/nrf52811_xxaa/gcc_startup_nrf52811.S.o
 .ARM.attributes
                0x00000084       0x2e _build/nrf52811_xxaa/nrf_log_backend_serial.c.o
 .ARM.attributes
                0x000000b2       0x2e _build/nrf52811_xxaa/nrf_log_backend_uart.c.o
 .ARM.attributes
                0x000000e0       0x2e _build/nrf52811_xxaa/nrf_log_default_backends.c.o
 .ARM.attributes
                0x0000010e       0x2e _build/nrf52811_xxaa/nrf_log_frontend.c.o
 .ARM.attributes
                0x0000013c       0x2e _build/nrf52811_xxaa/nrf_log_str_formatter.c.o
 .ARM.attributes
                0x0000016a       0x2e _build/nrf52811_xxaa/app_button.c.o
 .ARM.attributes
                0x00000198       0x2e _build/nrf52811_xxaa/app_error.c.o
 .ARM.attributes
                0x000001c6       0x2e _build/nrf52811_xxaa/app_error_weak.c.o
 .ARM.attributes
                0x000001f4       0x2e _build/nrf52811_xxaa/app_timer2.c.o
 .ARM.attributes
                0x00000222       0x2e _build/nrf52811_xxaa/app_util_platform.c.o
 .ARM.attributes
                0x00000250       0x2e _build/nrf52811_xxaa/drv_rtc.c.o
 .ARM.attributes
                0x0000027e       0x2e _build/nrf52811_xxaa/nrf_atfifo.c.o
 .ARM.attributes
                0x000002ac       0x2e _build/nrf52811_xxaa/nrf_atomic.c.o
 .ARM.attributes
                0x000002da       0x2e _build/nrf52811_xxaa/nrf_balloc.c.o
 .ARM.attributes
                0x00000308       0x2e _build/nrf52811_xxaa/nrf_fprintf.c.o
 .ARM.attributes
                0x00000336       0x2e _build/nrf52811_xxaa/nrf_fprintf_format.c.o
 .ARM.attributes
                0x00000364       0x2e _build/nrf52811_xxaa/nrf_memobj.c.o
 .ARM.attributes
                0x00000392       0x2e _build/nrf52811_xxaa/nrf_pwr_mgmt.c.o
 .ARM.attributes
                0x000003c0       0x2e _build/nrf52811_xxaa/nrf_ringbuf.c.o
 .ARM.attributes
                0x000003ee       0x2e _build/nrf52811_xxaa/nrf_section_iter.c.o
 .ARM.attributes
                0x0000041c       0x2e _build/nrf52811_xxaa/nrf_sortlist.c.o
 .ARM.attributes
                0x0000044a       0x2e _build/nrf52811_xxaa/nrf_strerror.c.o
 .ARM.attributes
                0x00000478       0x2e _build/nrf52811_xxaa/system_nrf52811.c.o
 .ARM.attributes
                0x000004a6       0x2e _build/nrf52811_xxaa/boards.c.o
 .ARM.attributes
                0x000004d4       0x2e _build/nrf52811_xxaa/nrf_drv_clock.c.o
 .ARM.attributes
                0x00000502       0x2e _build/nrf52811_xxaa/nrf_drv_uart.c.o
 .ARM.attributes
                0x00000530       0x2e _build/nrf52811_xxaa/nrfx_clock.c.o
 .ARM.attributes
                0x0000055e       0x2e _build/nrf52811_xxaa/nrfx_gpiote.c.o
 .ARM.attributes
                0x0000058c       0x2e _build/nrf52811_xxaa/nrfx_prs.c.o
 .ARM.attributes
                0x000005ba       0x2e _build/nrf52811_xxaa/nrfx_uart.c.o
 .ARM.attributes
                0x000005e8       0x2e _build/nrf52811_xxaa/nrfx_uarte.c.o
 .ARM.attributes
                0x00000616       0x2e _build/nrf52811_xxaa/bsp.c.o
 .ARM.attributes
                0x00000644       0x2e _build/nrf52811_xxaa/main.c.o
 .ARM.attributes
                0x00000672       0x2e _build/nrf52811_xxaa/ble_advdata.c.o
 .ARM.attributes
                0x000006a0       0x2e _build/nrf52811_xxaa/nrf_sdh.c.o
 .ARM.attributes
                0x000006ce       0x2e _build/nrf52811_xxaa/nrf_sdh_ble.c.o
 .ARM.attributes
                0x000006fc       0x2e _build/nrf52811_xxaa/nrf_sdh_soc.c.o
 .ARM.attributes
                0x0000072a       0x2e d:/program files/gnu arm embedded toolchain/10 2020-q4-major/bin/../lib/gcc/arm-none-eabi/10.2.1/../../../../arm-none-eabi/lib/thumb/v7e-m/nofp\libc_nano.a(lib_a-ctype_.o)
 .ARM.attributes
                0x00000758       0x2e d:/program files/gnu arm embedded toolchain/10 2020-q4-major/bin/../lib/gcc/arm-none-eabi/10.2.1/../../../../arm-none-eabi/lib/thumb/v7e-m/nofp\libc_nano.a(lib_a-exit.o)
 .ARM.attributes
                0x00000786       0x2e d:/program files/gnu arm embedded toolchain/10 2020-q4-major/bin/../lib/gcc/arm-none-eabi/10.2.1/../../../../arm-none-eabi/lib/thumb/v7e-m/nofp\libc_nano.a(lib_a-impure.o)
 .ARM.attributes
                0x000007b4       0x2e d:/program files/gnu arm embedded toolchain/10 2020-q4-major/bin/../lib/gcc/arm-none-eabi/10.2.1/../../../../arm-none-eabi/lib/thumb/v7e-m/nofp\libc_nano.a(lib_a-init.o)
 .ARM.attributes
                0x000007e2       0x2e d:/program files/gnu arm embedded toolchain/10 2020-q4-major/bin/../lib/gcc/arm-none-eabi/10.2.1/../../../../arm-none-eabi/lib/thumb/v7e-m/nofp\libc_nano.a(lib_a-memcpy-stub.o)
 .ARM.attributes
                0x00000810       0x2e d:/program files/gnu arm embedded toolchain/10 2020-q4-major/bin/../lib/gcc/arm-none-eabi/10.2.1/../../../../arm-none-eabi/lib/thumb/v7e-m/nofp\libc_nano.a(lib_a-memset.o)
 .ARM.attributes
                0x0000083e       0x17 d:/program files/gnu arm embedded toolchain/10 2020-q4-major/bin/../lib/gcc/arm-none-eabi/10.2.1/../../../../arm-none-eabi/lib/thumb/v7e-m/nofp\libc_nano.a(lib_a-strlen.o)
 .ARM.attributes
                0x00000855       0x2e d:/program files/gnu arm embedded toolchain/10 2020-q4-major/bin/../lib/gcc/arm-none-eabi/10.2.1/../../../../arm-none-eabi/lib/thumb/v7e-m/nofp\libnosys.a(_exit.o)
 .ARM.attributes
                0x00000883       0x1e d:/program files/gnu arm embedded toolchain/10 2020-q4-major/bin/../lib/gcc/arm-none-eabi/10.2.1/thumb/v7e-m/nofp\libgcc.a(_aeabi_uldivmod.o)
 .ARM.attributes
                0x000008a1       0x2e d:/program files/gnu arm embedded toolchain/10 2020-q4-major/bin/../lib/gcc/arm-none-eabi/10.2.1/thumb/v7e-m/nofp\libgcc.a(_udivmoddi4.o)
 .ARM.attributes
                0x000008cf       0x1e d:/program files/gnu arm embedded toolchain/10 2020-q4-major/bin/../lib/gcc/arm-none-eabi/10.2.1/thumb/v7e-m/nofp\libgcc.a(_dvmd_tls.o)
 .ARM.attributes
                0x000008ed       0x2e d:/program files/gnu arm embedded toolchain/10 2020-q4-major/bin/../lib/gcc/arm-none-eabi/10.2.1/thumb/v7e-m/nofp/crtend.o
 .ARM.attributes
                0x0000091b       0x1e d:/program files/gnu arm embedded toolchain/10 2020-q4-major/bin/../lib/gcc/arm-none-eabi/10.2.1/thumb/v7e-m/nofp/crtn.o

.comment        0x00000000       0x4d
 .comment       0x00000000       0x4d _build/nrf52811_xxaa/nrf_log_backend_serial.c.o
                                 0x4e (size before relaxing)
 .comment       0x0000004d       0x4e _build/nrf52811_xxaa/nrf_log_backend_uart.c.o
 .comment       0x0000004d       0x4e _build/nrf52811_xxaa/nrf_log_default_backends.c.o
 .comment       0x0000004d       0x4e _build/nrf52811_xxaa/nrf_log_frontend.c.o
 .comment       0x0000004d       0x4e _build/nrf52811_xxaa/nrf_log_str_formatter.c.o
 .comment       0x0000004d       0x4e _build/nrf52811_xxaa/app_button.c.o
 .comment       0x0000004d       0x4e _build/nrf52811_xxaa/app_error.c.o
 .comment       0x0000004d       0x4e _build/nrf52811_xxaa/app_error_weak.c.o
 .comment       0x0000004d       0x4e _build/nrf52811_xxaa/app_timer2.c.o
 .comment       0x0000004d       0x4e _build/nrf52811_xxaa/app_util_platform.c.o
 .comment       0x0000004d       0x4e _build/nrf52811_xxaa/drv_rtc.c.o
 .comment       0x0000004d       0x4e _build/nrf52811_xxaa/nrf_atfifo.c.o
 .comment       0x0000004d       0x4e _build/nrf52811_xxaa/nrf_atomic.c.o
 .comment       0x0000004d       0x4e _build/nrf52811_xxaa/nrf_balloc.c.o
 .comment       0x0000004d       0x4e _build/nrf52811_xxaa/nrf_fprintf.c.o
 .comment       0x0000004d       0x4e _build/nrf52811_xxaa/nrf_fprintf_format.c.o
 .comment       0x0000004d       0x4e _build/nrf52811_xxaa/nrf_memobj.c.o
 .comment       0x0000004d       0x4e _build/nrf52811_xxaa/nrf_pwr_mgmt.c.o
 .comment       0x0000004d       0x4e _build/nrf52811_xxaa/nrf_ringbuf.c.o
 .comment       0x0000004d       0x4e _build/nrf52811_xxaa/nrf_section_iter.c.o
 .comment       0x0000004d       0x4e _build/nrf52811_xxaa/nrf_sortlist.c.o
 .comment       0x0000004d       0x4e _build/nrf52811_xxaa/nrf_strerror.c.o
 .comment       0x0000004d       0x4e _build/nrf52811_xxaa/system_nrf52811.c.o
 .comment       0x0000004d       0x4e _build/nrf52811_xxaa/boards.c.o
 .comment       0x0000004d       0x4e _build/nrf52811_xxaa/nrf_drv_clock.c.o
 .comment       0x0000004d       0x4e _build/nrf52811_xxaa/nrf_drv_uart.c.o
 .comment       0x0000004d       0x4e _build/nrf52811_xxaa/nrfx_clock.c.o
 .comment       0x0000004d       0x4e _build/nrf52811_xxaa/nrfx_gpiote.c.o
 .comment       0x0000004d       0x4e _build/nrf52811_xxaa/nrfx_prs.c.o
 .comment       0x0000004d       0x4e _build/nrf52811_xxaa/nrfx_uart.c.o
 .comment       0x0000004d       0x4e _build/nrf52811_xxaa/nrfx_uarte.c.o
 .comment       0x0000004d       0x4e _build/nrf52811_xxaa/bsp.c.o
 .comment       0x0000004d       0x4e _build/nrf52811_xxaa/main.c.o
 .comment       0x0000004d       0x4e _build/nrf52811_xxaa/ble_advdata.c.o
 .comment       0x0000004d       0x4e _build/nrf52811_xxaa/nrf_sdh.c.o
 .comment       0x0000004d       0x4e _build/nrf52811_xxaa/nrf_sdh_ble.c.o
 .comment       0x0000004d       0x4e _build/nrf52811_xxaa/nrf_sdh_soc.c.o

.debug_line     0x00000000    0x1c89d
 .debug_line    0x00000000       0x80 _build/nrf52811_xxaa/gcc_startup_nrf52811.S.o
 .debug_line    0x00000080      0x8e6 _build/nrf52811_xxaa/nrf_log_backend_serial.c.o
 .debug_line    0x00000966      0xb93 _build/nrf52811_xxaa/nrf_log_backend_uart.c.o
 .debug_line    0x000014f9      0x7e7 _build/nrf52811_xxaa/nrf_log_default_backends.c.o
 .debug_line    0x00001ce0     0x146b _build/nrf52811_xxaa/nrf_log_frontend.c.o
 .debug_line    0x0000314b      0xa06 _build/nrf52811_xxaa/nrf_log_str_formatter.c.o
 .debug_line    0x00003b51      0xf1e _build/nrf52811_xxaa/app_button.c.o
 .debug_line    0x00004a6f      0x5b9 _build/nrf52811_xxaa/app_error.c.o
 .debug_line    0x00005028      0x8eb _build/nrf52811_xxaa/app_error_weak.c.o
 .debug_line    0x00005913      0xf56 _build/nrf52811_xxaa/app_timer2.c.o
 .debug_line    0x00006869      0x805 _build/nrf52811_xxaa/app_util_platform.c.o
 .debug_line    0x0000706e     0x134c _build/nrf52811_xxaa/drv_rtc.c.o
 .debug_line    0x000083ba      0x951 _build/nrf52811_xxaa/nrf_atfifo.c.o
 .debug_line    0x00008d0b      0x8a0 _build/nrf52811_xxaa/nrf_atomic.c.o
 .debug_line    0x000095ab      0x903 _build/nrf52811_xxaa/nrf_balloc.c.o
 .debug_line    0x00009eae      0x5de _build/nrf52811_xxaa/nrf_fprintf.c.o
 .debug_line    0x0000a48c      0xa31 _build/nrf52811_xxaa/nrf_fprintf_format.c.o
 .debug_line    0x0000aebd      0xa4f _build/nrf52811_xxaa/nrf_memobj.c.o
 .debug_line    0x0000b90c      0xd70 _build/nrf52811_xxaa/nrf_pwr_mgmt.c.o
 .debug_line    0x0000c67c      0xa00 _build/nrf52811_xxaa/nrf_ringbuf.c.o
 .debug_line    0x0000d07c      0x5f8 _build/nrf52811_xxaa/nrf_section_iter.c.o
 .debug_line    0x0000d674      0x7b7 _build/nrf52811_xxaa/nrf_sortlist.c.o
 .debug_line    0x0000de2b      0x5d2 _build/nrf52811_xxaa/nrf_strerror.c.o
 .debug_line    0x0000e3fd      0x802 _build/nrf52811_xxaa/system_nrf52811.c.o
 .debug_line    0x0000ebff      0xd16 _build/nrf52811_xxaa/boards.c.o
 .debug_line    0x0000f915      0xfeb _build/nrf52811_xxaa/nrf_drv_clock.c.o
 .debug_line    0x00010900      0x88f _build/nrf52811_xxaa/nrf_drv_uart.c.o
 .debug_line    0x0001118f      0xe09 _build/nrf52811_xxaa/nrfx_clock.c.o
 .debug_line    0x00011f98     0x1e01 _build/nrf52811_xxaa/nrfx_gpiote.c.o
 .debug_line    0x00013d99      0x969 _build/nrf52811_xxaa/nrfx_prs.c.o
 .debug_line    0x00014702     0x19c2 _build/nrf52811_xxaa/nrfx_uart.c.o
 .debug_line    0x000160c4     0x1934 _build/nrf52811_xxaa/nrfx_uarte.c.o
 .debug_line    0x000179f8      0xfb2 _build/nrf52811_xxaa/bsp.c.o
 .debug_line    0x000189aa      0xddb _build/nrf52811_xxaa/main.c.o
 .debug_line    0x00019785     0x1119 _build/nrf52811_xxaa/ble_advdata.c.o
 .debug_line    0x0001a89e      0xcce _build/nrf52811_xxaa/nrf_sdh.c.o
 .debug_line    0x0001b56c      0xb3b _build/nrf52811_xxaa/nrf_sdh_ble.c.o
 .debug_line    0x0001c0a7      0x7f6 _build/nrf52811_xxaa/nrf_sdh_soc.c.o

.debug_info     0x00000000    0x252df
 .debug_info    0x00000000       0x26 _build/nrf52811_xxaa/gcc_startup_nrf52811.S.o
 .debug_info    0x00000026      0x79f _build/nrf52811_xxaa/nrf_log_backend_serial.c.o
 .debug_info    0x000007c5     0x1179 _build/nrf52811_xxaa/nrf_log_backend_uart.c.o
 .debug_info    0x0000193e      0x303 _build/nrf52811_xxaa/nrf_log_default_backends.c.o
 .debug_info    0x00001c41     0x23d4 _build/nrf52811_xxaa/nrf_log_frontend.c.o
 .debug_info    0x00004015      0x7c4 _build/nrf52811_xxaa/nrf_log_str_formatter.c.o
 .debug_info    0x000047d9      0xc3b _build/nrf52811_xxaa/app_button.c.o
 .debug_info    0x00005414      0x2c3 _build/nrf52811_xxaa/app_error.c.o
 .debug_info    0x000056d7      0x4b9 _build/nrf52811_xxaa/app_error_weak.c.o
 .debug_info    0x00005b90     0x14e7 _build/nrf52811_xxaa/app_timer2.c.o
 .debug_info    0x00007077      0xa08 _build/nrf52811_xxaa/app_util_platform.c.o
 .debug_info    0x00007a7f     0x1ff1 _build/nrf52811_xxaa/drv_rtc.c.o
 .debug_info    0x00009a70      0x8c9 _build/nrf52811_xxaa/nrf_atfifo.c.o
 .debug_info    0x0000a339      0x93f _build/nrf52811_xxaa/nrf_atomic.c.o
 .debug_info    0x0000ac78      0x3ec _build/nrf52811_xxaa/nrf_balloc.c.o
 .debug_info    0x0000b064      0x24b _build/nrf52811_xxaa/nrf_fprintf.c.o
 .debug_info    0x0000b2af      0x75c _build/nrf52811_xxaa/nrf_fprintf_format.c.o
 .debug_info    0x0000ba0b      0x8e0 _build/nrf52811_xxaa/nrf_memobj.c.o
 .debug_info    0x0000c2eb      0xe1b _build/nrf52811_xxaa/nrf_pwr_mgmt.c.o
 .debug_info    0x0000d106      0x64f _build/nrf52811_xxaa/nrf_ringbuf.c.o
 .debug_info    0x0000d755      0x1aa _build/nrf52811_xxaa/nrf_section_iter.c.o
 .debug_info    0x0000d8ff      0x3c3 _build/nrf52811_xxaa/nrf_sortlist.c.o
 .debug_info    0x0000dcc2      0x204 _build/nrf52811_xxaa/nrf_strerror.c.o
 .debug_info    0x0000dec6     0x123b _build/nrf52811_xxaa/system_nrf52811.c.o
 .debug_info    0x0000f101      0xc32 _build/nrf52811_xxaa/boards.c.o
 .debug_info    0x0000fd33     0x15f2 _build/nrf52811_xxaa/nrf_drv_clock.c.o
 .debug_info    0x00011325     0x11d3 _build/nrf52811_xxaa/nrf_drv_uart.c.o
 .debug_info    0x000124f8     0x1190 _build/nrf52811_xxaa/nrfx_clock.c.o
 .debug_info    0x00013688     0x34f4 _build/nrf52811_xxaa/nrfx_gpiote.c.o
 .debug_info    0x00016b7c      0x6e8 _build/nrf52811_xxaa/nrfx_prs.c.o
 .debug_info    0x00017264     0x31b9 _build/nrf52811_xxaa/nrfx_uart.c.o
 .debug_info    0x0001a41d     0x3370 _build/nrf52811_xxaa/nrfx_uarte.c.o
 .debug_info    0x0001d78d     0x11d1 _build/nrf52811_xxaa/bsp.c.o
 .debug_info    0x0001e95e     0x10dd _build/nrf52811_xxaa/main.c.o
 .debug_info    0x0001fa3b     0x1b15 _build/nrf52811_xxaa/ble_advdata.c.o
 .debug_info    0x00021550     0x1243 _build/nrf52811_xxaa/nrf_sdh.c.o
 .debug_info    0x00022793     0x2567 _build/nrf52811_xxaa/nrf_sdh_ble.c.o
 .debug_info    0x00024cfa      0x5e5 _build/nrf52811_xxaa/nrf_sdh_soc.c.o

.debug_abbrev   0x00000000     0x70d7
 .debug_abbrev  0x00000000       0x14 _build/nrf52811_xxaa/gcc_startup_nrf52811.S.o
 .debug_abbrev  0x00000014      0x211 _build/nrf52811_xxaa/nrf_log_backend_serial.c.o
 .debug_abbrev  0x00000225      0x353 _build/nrf52811_xxaa/nrf_log_backend_uart.c.o
 .debug_abbrev  0x00000578      0x190 _build/nrf52811_xxaa/nrf_log_default_backends.c.o
 .debug_abbrev  0x00000708      0x5ed _build/nrf52811_xxaa/nrf_log_frontend.c.o
 .debug_abbrev  0x00000cf5      0x1f9 _build/nrf52811_xxaa/nrf_log_str_formatter.c.o
 .debug_abbrev  0x00000eee      0x380 _build/nrf52811_xxaa/app_button.c.o
 .debug_abbrev  0x0000126e      0x13b _build/nrf52811_xxaa/app_error.c.o
 .debug_abbrev  0x000013a9      0x218 _build/nrf52811_xxaa/app_error_weak.c.o
 .debug_abbrev  0x000015c1      0x4a9 _build/nrf52811_xxaa/app_timer2.c.o
 .debug_abbrev  0x00001a6a      0x312 _build/nrf52811_xxaa/app_util_platform.c.o
 .debug_abbrev  0x00001d7c      0x512 _build/nrf52811_xxaa/drv_rtc.c.o
 .debug_abbrev  0x0000228e      0x218 _build/nrf52811_xxaa/nrf_atfifo.c.o
 .debug_abbrev  0x000024a6      0x196 _build/nrf52811_xxaa/nrf_atomic.c.o
 .debug_abbrev  0x0000263c      0x203 _build/nrf52811_xxaa/nrf_balloc.c.o
 .debug_abbrev  0x0000283f      0x143 _build/nrf52811_xxaa/nrf_fprintf.c.o
 .debug_abbrev  0x00002982      0x2cc _build/nrf52811_xxaa/nrf_fprintf_format.c.o
 .debug_abbrev  0x00002c4e      0x1eb _build/nrf52811_xxaa/nrf_memobj.c.o
 .debug_abbrev  0x00002e39      0x3fb _build/nrf52811_xxaa/nrf_pwr_mgmt.c.o
 .debug_abbrev  0x00003234      0x14a _build/nrf52811_xxaa/nrf_ringbuf.c.o
 .debug_abbrev  0x0000337e       0xba _build/nrf52811_xxaa/nrf_section_iter.c.o
 .debug_abbrev  0x00003438      0x167 _build/nrf52811_xxaa/nrf_sortlist.c.o
 .debug_abbrev  0x0000359f      0x10f _build/nrf52811_xxaa/nrf_strerror.c.o
 .debug_abbrev  0x000036ae      0x293 _build/nrf52811_xxaa/system_nrf52811.c.o
 .debug_abbrev  0x00003941      0x2e6 _build/nrf52811_xxaa/boards.c.o
 .debug_abbrev  0x00003c27      0x544 _build/nrf52811_xxaa/nrf_drv_clock.c.o
 .debug_abbrev  0x0000416b      0x22a _build/nrf52811_xxaa/nrf_drv_uart.c.o
 .debug_abbrev  0x00004395      0x46f _build/nrf52811_xxaa/nrfx_clock.c.o
 .debug_abbrev  0x00004804      0x5b8 _build/nrf52811_xxaa/nrfx_gpiote.c.o
 .debug_abbrev  0x00004dbc      0x29a _build/nrf52811_xxaa/nrfx_prs.c.o
 .debug_abbrev  0x00005056      0x580 _build/nrf52811_xxaa/nrfx_uart.c.o
 .debug_abbrev  0x000055d6      0x4ed _build/nrf52811_xxaa/nrfx_uarte.c.o
 .debug_abbrev  0x00005ac3      0x40e _build/nrf52811_xxaa/bsp.c.o
 .debug_abbrev  0x00005ed1      0x30a _build/nrf52811_xxaa/main.c.o
 .debug_abbrev  0x000061db      0x3b6 _build/nrf52811_xxaa/ble_advdata.c.o
 .debug_abbrev  0x00006591      0x4f7 _build/nrf52811_xxaa/nrf_sdh.c.o
 .debug_abbrev  0x00006a88      0x44d _build/nrf52811_xxaa/nrf_sdh_ble.c.o
 .debug_abbrev  0x00006ed5      0x202 _build/nrf52811_xxaa/nrf_sdh_soc.c.o

.debug_aranges  0x00000000      0xdd8
 .debug_aranges
                0x00000000       0x20 _build/nrf52811_xxaa/gcc_startup_nrf52811.S.o
 .debug_aranges
                0x00000020       0x20 _build/nrf52811_xxaa/nrf_log_backend_serial.c.o
 .debug_aranges
                0x00000040       0x50 _build/nrf52811_xxaa/nrf_log_backend_uart.c.o
 .debug_aranges
                0x00000090       0x20 _build/nrf52811_xxaa/nrf_log_default_backends.c.o
 .debug_aranges
                0x000000b0       0xd0 _build/nrf52811_xxaa/nrf_log_frontend.c.o
 .debug_aranges
                0x00000180       0x40 _build/nrf52811_xxaa/nrf_log_str_formatter.c.o
 .debug_aranges
                0x000001c0       0x70 _build/nrf52811_xxaa/app_button.c.o
 .debug_aranges
                0x00000230       0x28 _build/nrf52811_xxaa/app_error.c.o
 .debug_aranges
                0x00000258       0x20 _build/nrf52811_xxaa/app_error_weak.c.o
 .debug_aranges
                0x00000278       0x88 _build/nrf52811_xxaa/app_timer2.c.o
 .debug_aranges
                0x00000300       0x48 _build/nrf52811_xxaa/app_util_platform.c.o
 .debug_aranges
                0x00000348       0xb8 _build/nrf52811_xxaa/drv_rtc.c.o
 .debug_aranges
                0x00000400       0x58 _build/nrf52811_xxaa/nrf_atfifo.c.o
 .debug_aranges
                0x00000458       0xb0 _build/nrf52811_xxaa/nrf_atomic.c.o
 .debug_aranges
                0x00000508       0x30 _build/nrf52811_xxaa/nrf_balloc.c.o
 .debug_aranges
                0x00000538       0x28 _build/nrf52811_xxaa/nrf_fprintf.c.o
 .debug_aranges
                0x00000560       0x30 _build/nrf52811_xxaa/nrf_fprintf_format.c.o
 .debug_aranges
                0x00000590       0x58 _build/nrf52811_xxaa/nrf_memobj.c.o
 .debug_aranges
                0x000005e8       0x48 _build/nrf52811_xxaa/nrf_pwr_mgmt.c.o
 .debug_aranges
                0x00000630       0x50 _build/nrf52811_xxaa/nrf_ringbuf.c.o
 .debug_aranges
                0x00000680       0x28 _build/nrf52811_xxaa/nrf_section_iter.c.o
 .debug_aranges
                0x000006a8       0x40 _build/nrf52811_xxaa/nrf_sortlist.c.o
 .debug_aranges
                0x000006e8       0x28 _build/nrf52811_xxaa/nrf_strerror.c.o
 .debug_aranges
                0x00000710       0x40 _build/nrf52811_xxaa/system_nrf52811.c.o
 .debug_aranges
                0x00000750       0x78 _build/nrf52811_xxaa/boards.c.o
 .debug_aranges
                0x000007c8       0xb0 _build/nrf52811_xxaa/nrf_drv_clock.c.o
 .debug_aranges
                0x00000878       0x30 _build/nrf52811_xxaa/nrf_drv_uart.c.o
 .debug_aranges
                0x000008a8       0x80 _build/nrf52811_xxaa/nrfx_clock.c.o
 .debug_aranges
                0x00000928      0x118 _build/nrf52811_xxaa/nrfx_gpiote.c.o
 .debug_aranges
                0x00000a40       0x30 _build/nrf52811_xxaa/nrfx_prs.c.o
 .debug_aranges
                0x00000a70       0xa0 _build/nrf52811_xxaa/nrfx_uart.c.o
 .debug_aranges
                0x00000b10       0x78 _build/nrf52811_xxaa/nrfx_uarte.c.o
 .debug_aranges
                0x00000b88       0x90 _build/nrf52811_xxaa/bsp.c.o
 .debug_aranges
                0x00000c18       0x38 _build/nrf52811_xxaa/main.c.o
 .debug_aranges
                0x00000c50       0x80 _build/nrf52811_xxaa/ble_advdata.c.o
 .debug_aranges
                0x00000cd0       0x90 _build/nrf52811_xxaa/nrf_sdh.c.o
 .debug_aranges
                0x00000d60       0x50 _build/nrf52811_xxaa/nrf_sdh_ble.c.o
 .debug_aranges
                0x00000db0       0x28 _build/nrf52811_xxaa/nrf_sdh_soc.c.o

.debug_str      0x00000000    0x894e0
 .debug_str     0x00000000       0x6c _build/nrf52811_xxaa/gcc_startup_nrf52811.S.o
 .debug_str     0x0000006c    0x6a1c3 _build/nrf52811_xxaa/nrf_log_backend_serial.c.o
                              0x6b5bf (size before relaxing)
 .debug_str     0x0006a22f     0x7d8e _build/nrf52811_xxaa/nrf_log_backend_uart.c.o
                              0x72d63 (size before relaxing)
 .debug_str     0x00071fbd      0x11d _build/nrf52811_xxaa/nrf_log_default_backends.c.o
                              0x6b361 (size before relaxing)
 .debug_str     0x000720da     0x148d _build/nrf52811_xxaa/nrf_log_frontend.c.o
                              0x6c969 (size before relaxing)
 .debug_str     0x00073567      0x69d _build/nrf52811_xxaa/nrf_log_str_formatter.c.o
                              0x6ba44 (size before relaxing)
 .debug_str     0x00073c04     0x1a43 _build/nrf52811_xxaa/app_button.c.o
                              0x72c26 (size before relaxing)
 .debug_str     0x00075647      0x118 _build/nrf52811_xxaa/app_error.c.o
                              0x574dd (size before relaxing)
 .debug_str     0x0007575f      0xa32 _build/nrf52811_xxaa/app_error_weak.c.o
                              0x6c39e (size before relaxing)
 .debug_str     0x00076191     0x1089 _build/nrf52811_xxaa/app_timer2.c.o
                              0x7285a (size before relaxing)
 .debug_str     0x0007721a      0x2ab _build/nrf52811_xxaa/app_util_platform.c.o
                              0x58848 (size before relaxing)
 .debug_str     0x000774c5      0x783 _build/nrf52811_xxaa/drv_rtc.c.o
                              0x72201 (size before relaxing)
 .debug_str     0x00077c48      0x153 _build/nrf52811_xxaa/nrf_atfifo.c.o
                              0x69357 (size before relaxing)
 .debug_str     0x00077d9b      0x6b0 _build/nrf52811_xxaa/nrf_atomic.c.o
                              0x66c0e (size before relaxing)
 .debug_str     0x0007844b      0x126 _build/nrf52811_xxaa/nrf_balloc.c.o
                              0x6b361 (size before relaxing)
 .debug_str     0x00078571      0x13b _build/nrf52811_xxaa/nrf_fprintf.c.o
                              0x66853 (size before relaxing)
 .debug_str     0x000786ac      0x508 _build/nrf52811_xxaa/nrf_fprintf_format.c.o
                              0x66d62 (size before relaxing)
 .debug_str     0x00078bb4      0x19c _build/nrf52811_xxaa/nrf_memobj.c.o
                              0x696ef (size before relaxing)
 .debug_str     0x00078d50     0x1692 _build/nrf52811_xxaa/nrf_pwr_mgmt.c.o
                              0x73c5d (size before relaxing)
 .debug_str     0x0007a3e2       0xd3 _build/nrf52811_xxaa/nrf_ringbuf.c.o
                              0x67fc6 (size before relaxing)
 .debug_str     0x0007a4b5       0x4b _build/nrf52811_xxaa/nrf_section_iter.c.o
                              0x66a22 (size before relaxing)
 .debug_str     0x0007a500       0x97 _build/nrf52811_xxaa/nrf_sortlist.c.o
                              0x69032 (size before relaxing)
 .debug_str     0x0007a597       0xe4 _build/nrf52811_xxaa/nrf_strerror.c.o
                              0x665d3 (size before relaxing)
 .debug_str     0x0007a67b      0x40a _build/nrf52811_xxaa/system_nrf52811.c.o
                              0x53405 (size before relaxing)
 .debug_str     0x0007aa85     0x16dc _build/nrf52811_xxaa/boards.c.o
                              0x6fb3a (size before relaxing)
 .debug_str     0x0007c161      0xf07 _build/nrf52811_xxaa/nrf_drv_clock.c.o
                              0x72dd6 (size before relaxing)
 .debug_str     0x0007d068      0x453 _build/nrf52811_xxaa/nrf_drv_uart.c.o
                              0x6f798 (size before relaxing)
 .debug_str     0x0007d4bb      0x6b6 _build/nrf52811_xxaa/nrfx_clock.c.o
                              0x71fe2 (size before relaxing)
 .debug_str     0x0007db71      0xd97 _build/nrf52811_xxaa/nrfx_gpiote.c.o
                              0x73495 (size before relaxing)
 .debug_str     0x0007e908      0x2d8 _build/nrf52811_xxaa/nrfx_prs.c.o
                              0x71834 (size before relaxing)
 .debug_str     0x0007ebe0      0x67d _build/nrf52811_xxaa/nrfx_uart.c.o
                              0x729f4 (size before relaxing)
 .debug_str     0x0007f25d      0x93f _build/nrf52811_xxaa/nrfx_uarte.c.o
                              0x72e87 (size before relaxing)
 .debug_str     0x0007fb9c      0xfe7 _build/nrf52811_xxaa/bsp.c.o
                              0x717cf (size before relaxing)
 .debug_str     0x00080b83     0x58cb _build/nrf52811_xxaa/main.c.o
                              0x7a47c (size before relaxing)
 .debug_str     0x0008644e     0x1839 _build/nrf52811_xxaa/ble_advdata.c.o
                              0x6cf30 (size before relaxing)
 .debug_str     0x00087c87      0x4c7 _build/nrf52811_xxaa/nrf_sdh.c.o
                              0x6bdfd (size before relaxing)
 .debug_str     0x0008814e     0x123f _build/nrf52811_xxaa/nrf_sdh_ble.c.o
                              0x6ff43 (size before relaxing)
 .debug_str     0x0008938d      0x153 _build/nrf52811_xxaa/nrf_sdh_soc.c.o
                              0x6ae98 (size before relaxing)

.debug_loc      0x00000000     0xec1e
 .debug_loc     0x00000000      0x186 _build/nrf52811_xxaa/nrf_log_backend_serial.c.o
 .debug_loc     0x00000186      0x2a6 _build/nrf52811_xxaa/nrf_log_backend_uart.c.o
 .debug_loc     0x0000042c       0x31 _build/nrf52811_xxaa/nrf_log_default_backends.c.o
 .debug_loc     0x0000045d     0x180a _build/nrf52811_xxaa/nrf_log_frontend.c.o
 .debug_loc     0x00001c67      0x384 _build/nrf52811_xxaa/nrf_log_str_formatter.c.o
 .debug_loc     0x00001feb      0x710 _build/nrf52811_xxaa/app_button.c.o
 .debug_loc     0x000026fb       0xcd _build/nrf52811_xxaa/app_error.c.o
 .debug_loc     0x000027c8       0x6f _build/nrf52811_xxaa/app_error_weak.c.o
 .debug_loc     0x00002837      0x769 _build/nrf52811_xxaa/app_timer2.c.o
 .debug_loc     0x00002fa0      0x18f _build/nrf52811_xxaa/app_util_platform.c.o
 .debug_loc     0x0000312f      0xfd4 _build/nrf52811_xxaa/drv_rtc.c.o
 .debug_loc     0x00004103      0x457 _build/nrf52811_xxaa/nrf_atfifo.c.o
 .debug_loc     0x0000455a      0x45f _build/nrf52811_xxaa/nrf_atomic.c.o
 .debug_loc     0x000049b9      0x1a6 _build/nrf52811_xxaa/nrf_balloc.c.o
 .debug_loc     0x00004b5f       0x47 _build/nrf52811_xxaa/nrf_fprintf.c.o
 .debug_loc     0x00004ba6      0xa4a _build/nrf52811_xxaa/nrf_fprintf_format.c.o
 .debug_loc     0x000055f0      0x8b3 _build/nrf52811_xxaa/nrf_memobj.c.o
 .debug_loc     0x00005ea3       0xc8 _build/nrf52811_xxaa/nrf_pwr_mgmt.c.o
 .debug_loc     0x00005f6b      0x701 _build/nrf52811_xxaa/nrf_ringbuf.c.o
 .debug_loc     0x0000666c      0x171 _build/nrf52811_xxaa/nrf_sortlist.c.o
 .debug_loc     0x000067dd      0x11b _build/nrf52811_xxaa/nrf_strerror.c.o
 .debug_loc     0x000068f8       0xf1 _build/nrf52811_xxaa/system_nrf52811.c.o
 .debug_loc     0x000069e9      0x83d _build/nrf52811_xxaa/boards.c.o
 .debug_loc     0x00007226      0x52a _build/nrf52811_xxaa/nrf_drv_clock.c.o
 .debug_loc     0x00007750      0x1b6 _build/nrf52811_xxaa/nrf_drv_uart.c.o
 .debug_loc     0x00007906      0x29e _build/nrf52811_xxaa/nrfx_clock.c.o
 .debug_loc     0x00007ba4     0x1cca _build/nrf52811_xxaa/nrfx_gpiote.c.o
 .debug_loc     0x0000986e       0xff _build/nrf52811_xxaa/nrfx_prs.c.o
 .debug_loc     0x0000996d     0x1670 _build/nrf52811_xxaa/nrfx_uart.c.o
 .debug_loc     0x0000afdd     0x1706 _build/nrf52811_xxaa/nrfx_uarte.c.o
 .debug_loc     0x0000c6e3      0xaaa _build/nrf52811_xxaa/bsp.c.o
 .debug_loc     0x0000d18d      0x24f _build/nrf52811_xxaa/main.c.o
 .debug_loc     0x0000d3dc     0x11ed _build/nrf52811_xxaa/ble_advdata.c.o
 .debug_loc     0x0000e5c9      0x2de _build/nrf52811_xxaa/nrf_sdh.c.o
 .debug_loc     0x0000e8a7      0x2bc _build/nrf52811_xxaa/nrf_sdh_ble.c.o
 .debug_loc     0x0000eb63       0xbb _build/nrf52811_xxaa/nrf_sdh_soc.c.o

.debug_ranges   0x00000000     0x3178
 .debug_ranges  0x00000000       0x28 _build/nrf52811_xxaa/nrf_log_backend_serial.c.o
 .debug_ranges  0x00000028       0x88 _build/nrf52811_xxaa/nrf_log_backend_uart.c.o
 .debug_ranges  0x000000b0       0x10 _build/nrf52811_xxaa/nrf_log_default_backends.c.o
 .debug_ranges  0x000000c0      0x330 _build/nrf52811_xxaa/nrf_log_frontend.c.o
 .debug_ranges  0x000003f0       0x50 _build/nrf52811_xxaa/nrf_log_str_formatter.c.o
 .debug_ranges  0x00000440      0x148 _build/nrf52811_xxaa/app_button.c.o
 .debug_ranges  0x00000588       0x18 _build/nrf52811_xxaa/app_error.c.o
 .debug_ranges  0x000005a0       0x28 _build/nrf52811_xxaa/app_error_weak.c.o
 .debug_ranges  0x000005c8      0x180 _build/nrf52811_xxaa/app_timer2.c.o
 .debug_ranges  0x00000748       0xa0 _build/nrf52811_xxaa/app_util_platform.c.o
 .debug_ranges  0x000007e8      0x2a8 _build/nrf52811_xxaa/drv_rtc.c.o
 .debug_ranges  0x00000a90       0xc0 _build/nrf52811_xxaa/nrf_atfifo.c.o
 .debug_ranges  0x00000b50      0x208 _build/nrf52811_xxaa/nrf_atomic.c.o
 .debug_ranges  0x00000d58       0x50 _build/nrf52811_xxaa/nrf_balloc.c.o
 .debug_ranges  0x00000da8       0x18 _build/nrf52811_xxaa/nrf_fprintf.c.o
 .debug_ranges  0x00000dc0       0x50 _build/nrf52811_xxaa/nrf_fprintf_format.c.o
 .debug_ranges  0x00000e10       0x48 _build/nrf52811_xxaa/nrf_memobj.c.o
 .debug_ranges  0x00000e58       0xd0 _build/nrf52811_xxaa/nrf_pwr_mgmt.c.o
 .debug_ranges  0x00000f28       0x40 _build/nrf52811_xxaa/nrf_ringbuf.c.o
 .debug_ranges  0x00000f68       0x18 _build/nrf52811_xxaa/nrf_section_iter.c.o